TEXTURED MESH ANALYSIS
========================================================================

Case: 02-templete-central

FILE
----
Path: C:\nerfstudio_work\thesis\02-templete-central\02-resultados-finales\dji\colmap-fotogrametria\textured-mesh.obj
Format: OBJ
Size bytes: 4125418947
Size MB: 3934.306
SHA256: 29f7d79ca741b97496e38ef80aa7ce35c9ad490af4ab343349ce01a7a6c8eba6

GEOMETRY
--------
Vertices: 17688149
Faces: 35376582
Triangles: 35376582

ATTRIBUTES
----------
Normal records: 0
UV records: 18381628
Has normals: False
Has UVs: True

BOUNDING BOX
------------
X min: -17.498882294
X max: 18.402811050
X range: 35.901693344
Y min: -18.520940781
Y max: 16.160957336
Y range: 34.681898117
Z min: -0.242326975
Z max: 4.472562790
Z range: 4.714889765
BBox diagonal: 50.139762938
BBox volume: 5870.692517628

CENTROID
--------
X: 0.332189820
Y: -0.599252823
Z: 1.056863610

MATERIALS
---------
MTL references: 1
Used materials: 1
Defined materials: 1

TEXTURES
--------
Referenced textures: 1
Existing textures: 1
Total texture size MB: 62.378

Texture 1: textured-mesh_u1_v1_diffuse.png
  Exists: True
  Size MB: 62.378
  Resolution: 8192 x 8192
  Mode: RGBA
  SHA256: cc4175519ef15fba4e62e8fc1ee989a754759c3ede7e2d92e4e3b65bad4d741b

METHODOLOGICAL NOTE
-------------------
The OBJ, MTL and texture files were analyzed without modification.
Triangle count is derived from OBJ face definitions; polygons with more than three vertices are counted as n-2 triangles.