ffmpeg version 4.4.2-0ubuntu0.22.04.1 Copyright (c) 2000-2021 the FFmpeg developers
  built with gcc 11 (Ubuntu 11.2.0-19ubuntu1)
  configuration: --prefix=/usr --extra-version=0ubuntu0.22.04.1 --toolchain=hardened --libdir=/usr/lib/x86_64-linux-gnu --incdir=/usr/include/x86_64-linux-gnu --arch=amd64 --enable-gpl --disable-stripping --enable-gnutls --enable-ladspa --enable-libaom --enable-libass --enable-libbluray --enable-libbs2b --enable-libcaca --enable-libcdio --enable-libcodec2 --enable-libdav1d --enable-libflite --enable-libfontconfig --enable-libfreetype --enable-libfribidi --enable-libgme --enable-libgsm --enable-libjack --enable-libmp3lame --enable-libmysofa --enable-libopenjpeg --enable-libopenmpt --enable-libopus --enable-libpulse --enable-librabbitmq --enable-librubberband --enable-libshine --enable-libsnappy --enable-libsoxr --enable-libspeex --enable-libsrt --enable-libssh --enable-libtheora --enable-libtwolame --enable-libvidstab --enable-libvorbis --enable-libvpx --enable-libwebp --enable-libx265 --enable-libxml2 --enable-libxvid --enable-libzimg --enable-libzmq --enable-libzvbi --enable-lv2 --enable-omx --enable-openal --enable-opencl --enable-opengl --enable-sdl2 --enable-pocketsphinx --enable-librsvg --enable-libmfx --enable-libdc1394 --enable-libdrm --enable-libiec61883 --enable-chromaprint --enable-frei0r --enable-libx264 --enable-shared
  libavutil      56. 70.100 / 56. 70.100
  libavcodec     58.134.100 / 58.134.100
  libavformat    58. 76.100 / 58. 76.100
  libavdevice    58. 13.100 / 58. 13.100
  libavfilter     7.110.100 /  7.110.100
  libswscale      5.  9.100 /  5.  9.100
  libswresample   3.  9.100 /  3.  9.100
  libpostproc    55.  9.100 / 55.  9.100
Input #0, image2, from '/workspace/renders/templete-central-insta360-splatfacto-dataset-traj/train/rgb/*.jpg':
  Duration: 00:00:18.40, start: 0.000000, bitrate: N/A
  Stream #0:0: Video: mjpeg (Baseline), yuvj420p(pc, bt470bg/unknown/unknown), 960x540 [SAR 1:1 DAR 16:9], 15 fps, 15 tbr, 15 tbn, 15 tbc
Stream mapping:
  Stream #0:0 -> #0:0 (mjpeg (native) -> h264 (libx264))
Press [q] to stop, [?] for help
[swscaler @ 0x5923f5d3cb00] deprecated pixel format used, make sure you did set range correctly
[libx264 @ 0x5923f5cac5c0] using SAR=1/1
[libx264 @ 0x5923f5cac5c0] using cpu capabilities: MMX2 SSE2Fast SSSE3 SSE4.2 AVX FMA3 BMI2 AVX2
[libx264 @ 0x5923f5cac5c0] profile High, level 3.1, 4:2:0, 8-bit
[libx264 @ 0x5923f5cac5c0] 264 - core 163 r3060 5db6aa6 - H.264/MPEG-4 AVC codec - Copyleft 2003-2021 - http://www.videolan.org/x264.html - options: cabac=1 ref=3 deblock=1:0:0 analyse=0x3:0x113 me=hex subme=7 psy=1 psy_rd=1.00:0.00 mixed_ref=1 me_range=16 chroma_me=1 trellis=1 8x8dct=1 cqm=0 deadzone=21,11 fast_pskip=1 chroma_qp_offset=-2 threads=17 lookahead_threads=2 sliced_threads=0 nr=0 decimate=1 interlaced=0 bluray_compat=0 constrained_intra=0 bframes=3 b_pyramid=2 b_adapt=1 b_bias=0 direct=1 weightb=1 open_gop=0 weightp=2 keyint=250 keyint_min=15 scenecut=40 intra_refresh=0 rc_lookahead=40 rc=crf mbtree=1 crf=23.0 qcomp=0.60 qpmin=0 qpmax=69 qpstep=4 ip_ratio=1.40 aq=1:1.00
Output #0, mp4, to '/workspace/videos/templete-central-insta360-splatfacto-dataset-traj.mp4':
  Metadata:
    encoder         : Lavf58.76.100
  Stream #0:0: Video: h264 (avc1 / 0x31637661), yuv420p(tv, bt470bg/unknown/unknown, progressive), 960x540 [SAR 1:1 DAR 16:9], q=2-31, 15 fps, 15360 tbn
    Metadata:
      encoder         : Lavc58.134.100 libx264
    Side data:
      cpb: bitrate max/min/avg: 0/0/0 buffer size: 0 vbv_delay: N/A
frame=    1 fps=0.0 q=0.0 size=       0kB time=00:00:00.00 bitrate=N/A speed=N/A    frame=   47 fps=0.0 q=0.0 size=       0kB time=00:00:00.00 bitrate=N/A speed=   0x    frame=   85 fps= 82 q=27.0 size=     256kB time=00:00:01.40 bitrate=1498.2kbits/s speed=1.35x    frame=  125 fps= 81 q=27.0 size=     768kB time=00:00:04.06 bitrate=1547.1kbits/s speed=2.62x    frame=  164 fps= 80 q=27.0 size=    1536kB time=00:00:06.66 bitrate=1887.5kbits/s speed=3.24x    frame=  205 fps= 80 q=27.0 size=    2048kB time=00:00:09.40 bitrate=1784.8kbits/s speed=3.67x    frame=  244 fps= 80 q=27.0 size=    2560kB time=00:00:12.00 bitrate=1747.6kbits/s speed=3.92x    frame=  276 fps= 77 q=27.0 size=    3072kB time=00:00:14.13 bitrate=1780.6kbits/s speed=3.96x    frame=  276 fps= 71 q=-1.0 Lsize=    4186kB time=00:00:18.20 bitrate=1884.0kbits/s speed= 4.7x    
video:4182kB audio:0kB subtitle:0kB other streams:0kB global headers:0kB muxing overhead: 0.083806%
[libx264 @ 0x5923f5cac5c0] frame I:9     Avg QP:21.23  size: 36003
[libx264 @ 0x5923f5cac5c0] frame P:165   Avg QP:23.91  size: 17051
[libx264 @ 0x5923f5cac5c0] frame B:102   Avg QP:24.46  size: 11220
[libx264 @ 0x5923f5cac5c0] consecutive B-frames: 40.6% 26.1% 13.0% 20.3%
[libx264 @ 0x5923f5cac5c0] mb I  I16..4: 10.0% 70.4% 19.6%
[libx264 @ 0x5923f5cac5c0] mb P  I16..4:  7.4% 28.4%  5.4%  P16..4: 29.8% 16.5%  6.7%  0.0%  0.0%    skip: 5.8%
[libx264 @ 0x5923f5cac5c0] mb B  I16..4:  2.6% 10.2%  2.4%  B16..8: 38.8% 15.4%  3.3%  direct: 6.3%  skip:21.0%  L0:42.9% L1:43.2% BI:13.9%
[libx264 @ 0x5923f5cac5c0] 8x8 transform intra:68.8% inter:74.6%
[libx264 @ 0x5923f5cac5c0] coded y,uvDC,uvAC intra: 64.1% 54.6% 15.9% inter: 35.5% 28.2% 0.7%
[libx264 @ 0x5923f5cac5c0] i16 v,h,dc,p:  7% 31%  6% 57%
[libx264 @ 0x5923f5cac5c0] i8 v,h,dc,ddl,ddr,vr,hd,vl,hu: 15% 26% 16%  5%  6%  6% 11%  6% 10%
[libx264 @ 0x5923f5cac5c0] i4 v,h,dc,ddl,ddr,vr,hd,vl,hu: 19% 26%  9%  5%  8%  7% 12%  6%  7%
[libx264 @ 0x5923f5cac5c0] i8c dc,h,v,p: 52% 28% 14%  6%
[libx264 @ 0x5923f5cac5c0] Weighted P-Frames: Y:0.6% UV:0.0%
[libx264 @ 0x5923f5cac5c0] ref P L0: 66.5% 18.0% 12.2%  3.2%
[libx264 @ 0x5923f5cac5c0] ref B L0: 86.8% 12.0%  1.1%
[libx264 @ 0x5923f5cac5c0] ref B L1: 99.1%  0.9%
[libx264 @ 0x5923f5cac5c0] kb/s:1861.66
