ffmpeg version 4.4.2-0ubuntu0.22.04.1 Copyright (c) 2000-2021 the FFmpeg developers
  built with gcc 11 (Ubuntu 11.2.0-19ubuntu1)
  configuration: --prefix=/usr --extra-version=0ubuntu0.22.04.1 --toolchain=hardened --libdir=/usr/lib/x86_64-linux-gnu --incdir=/usr/include/x86_64-linux-gnu --arch=amd64 --enable-gpl --disable-stripping --enable-gnutls --enable-ladspa --enable-libaom --enable-libass --enable-libbluray --enable-libbs2b --enable-libcaca --enable-libcdio --enable-libcodec2 --enable-libdav1d --enable-libflite --enable-libfontconfig --enable-libfreetype --enable-libfribidi --enable-libgme --enable-libgsm --enable-libjack --enable-libmp3lame --enable-libmysofa --enable-libopenjpeg --enable-libopenmpt --enable-libopus --enable-libpulse --enable-librabbitmq --enable-librubberband --enable-libshine --enable-libsnappy --enable-libsoxr --enable-libspeex --enable-libsrt --enable-libssh --enable-libtheora --enable-libtwolame --enable-libvidstab --enable-libvorbis --enable-libvpx --enable-libwebp --enable-libx265 --enable-libxml2 --enable-libxvid --enable-libzimg --enable-libzmq --enable-libzvbi --enable-lv2 --enable-omx --enable-openal --enable-opencl --enable-opengl --enable-sdl2 --enable-pocketsphinx --enable-librsvg --enable-libmfx --enable-libdc1394 --enable-libdrm --enable-libiec61883 --enable-chromaprint --enable-frei0r --enable-libx264 --enable-shared
  libavutil      56. 70.100 / 56. 70.100
  libavcodec     58.134.100 / 58.134.100
  libavformat    58. 76.100 / 58. 76.100
  libavdevice    58. 13.100 / 58. 13.100
  libavfilter     7.110.100 /  7.110.100
  libswscale      5.  9.100 /  5.  9.100
  libswresample   3.  9.100 /  3.  9.100
  libpostproc    55.  9.100 / 55.  9.100
Input #0, image2, from '/workspace/renders/templete-central-insta360-nerfacto-dataset-traj/train/rgb/*.jpg':
  Duration: 00:00:18.40, start: 0.000000, bitrate: N/A
  Stream #0:0: Video: mjpeg (Baseline), yuvj420p(pc, bt470bg/unknown/unknown), 960x540 [SAR 1:1 DAR 16:9], 15 fps, 15 tbr, 15 tbn, 15 tbc
Stream mapping:
  Stream #0:0 -> #0:0 (mjpeg (native) -> h264 (libx264))
Press [q] to stop, [?] for help
[swscaler @ 0x557245f21ac0] deprecated pixel format used, make sure you did set range correctly
[libx264 @ 0x557245e3c840] using SAR=1/1
[libx264 @ 0x557245e3c840] using cpu capabilities: MMX2 SSE2Fast SSSE3 SSE4.2 AVX FMA3 BMI2 AVX2
[libx264 @ 0x557245e3c840] profile High, level 3.1, 4:2:0, 8-bit
[libx264 @ 0x557245e3c840] 264 - core 163 r3060 5db6aa6 - H.264/MPEG-4 AVC codec - Copyleft 2003-2021 - http://www.videolan.org/x264.html - options: cabac=1 ref=3 deblock=1:0:0 analyse=0x3:0x113 me=hex subme=7 psy=1 psy_rd=1.00:0.00 mixed_ref=1 me_range=16 chroma_me=1 trellis=1 8x8dct=1 cqm=0 deadzone=21,11 fast_pskip=1 chroma_qp_offset=-2 threads=17 lookahead_threads=2 sliced_threads=0 nr=0 decimate=1 interlaced=0 bluray_compat=0 constrained_intra=0 bframes=3 b_pyramid=2 b_adapt=1 b_bias=0 direct=1 weightb=1 open_gop=0 weightp=2 keyint=250 keyint_min=15 scenecut=40 intra_refresh=0 rc_lookahead=40 rc=crf mbtree=1 crf=23.0 qcomp=0.60 qpmin=0 qpmax=69 qpstep=4 ip_ratio=1.40 aq=1:1.00
Output #0, mp4, to '/workspace/videos/templete-central-insta360-nerfacto-dataset-traj.mp4':
  Metadata:
    encoder         : Lavf58.76.100
  Stream #0:0: Video: h264 (avc1 / 0x31637661), yuv420p(tv, bt470bg/unknown/unknown, progressive), 960x540 [SAR 1:1 DAR 16:9], q=2-31, 15 fps, 15360 tbn
    Metadata:
      encoder         : Lavc58.134.100 libx264
    Side data:
      cpb: bitrate max/min/avg: 0/0/0 buffer size: 0 vbv_delay: N/A
frame=    1 fps=0.0 q=0.0 size=       0kB time=00:00:00.00 bitrate=N/A speed=N/A    frame=   44 fps=0.0 q=0.0 size=       0kB time=00:00:00.00 bitrate=N/A speed=   0x    frame=   72 fps= 71 q=27.0 size=       0kB time=00:00:00.53 bitrate=   0.7kbits/s speed=0.525x    frame=  104 fps= 68 q=27.0 size=    1280kB time=00:00:02.66 bitrate=3932.2kbits/s speed=1.75x    frame=  136 fps= 67 q=27.0 size=    2304kB time=00:00:04.80 bitrate=3932.2kbits/s speed=2.37x    frame=  167 fps= 66 q=27.0 size=    3584kB time=00:00:06.86 bitrate=4275.8kbits/s speed=2.71x    frame=  198 fps= 65 q=27.0 size=    4608kB time=00:00:08.93 bitrate=4225.6kbits/s speed=2.94x    frame=  226 fps= 64 q=27.0 size=    5632kB time=00:00:10.80 bitrate=4272.0kbits/s speed=3.05x    frame=  257 fps= 63 q=27.0 size=    6400kB time=00:00:12.86 bitrate=4074.8kbits/s speed=3.16x    frame=  276 fps= 56 q=-1.0 Lsize=    9533kB time=00:00:18.20 bitrate=4291.0kbits/s speed=3.71x    
video:9529kB audio:0kB subtitle:0kB other streams:0kB global headers:0kB muxing overhead: 0.042560%
[libx264 @ 0x557245e3c840] frame I:8     Avg QP:21.62  size: 63353
[libx264 @ 0x557245e3c840] frame P:103   Avg QP:24.64  size: 38900
[libx264 @ 0x557245e3c840] frame B:165   Avg QP:25.05  size: 31780
[libx264 @ 0x557245e3c840] consecutive B-frames: 15.6% 12.3%  5.4% 66.7%
[libx264 @ 0x557245e3c840] mb I  I16..4:  9.3% 66.2% 24.5%
[libx264 @ 0x557245e3c840] mb P  I16..4:  8.6% 37.7% 10.5%  P16..4: 23.6% 11.9%  5.0%  0.0%  0.0%    skip: 2.6%
[libx264 @ 0x557245e3c840] mb B  I16..4:  4.6% 10.2%  4.7%  B16..8: 39.5% 15.3%  4.0%  direct: 7.9%  skip:13.8%  L0:43.3% L1:45.0% BI:11.8%
[libx264 @ 0x557245e3c840] 8x8 transform intra:61.8% inter:75.4%
[libx264 @ 0x557245e3c840] coded y,uvDC,uvAC intra: 79.6% 76.5% 41.1% inter: 40.2% 43.2% 3.7%
[libx264 @ 0x557245e3c840] i16 v,h,dc,p:  4% 10% 41% 44%
[libx264 @ 0x557245e3c840] i8 v,h,dc,ddl,ddr,vr,hd,vl,hu: 14% 17% 22%  6%  7%  8%  9%  7%  9%
[libx264 @ 0x557245e3c840] i4 v,h,dc,ddl,ddr,vr,hd,vl,hu: 17% 13% 22%  8%  8% 10%  8%  8%  7%
[libx264 @ 0x557245e3c840] i8c dc,h,v,p: 56% 19% 15%  9%
[libx264 @ 0x557245e3c840] Weighted P-Frames: Y:0.0% UV:0.0%
[libx264 @ 0x557245e3c840] ref P L0: 60.7% 17.1% 15.9%  6.3%
[libx264 @ 0x557245e3c840] ref B L0: 88.7%  9.5%  1.8%
[libx264 @ 0x557245e3c840] ref B L1: 97.2%  2.8%
[libx264 @ 0x557245e3c840] kb/s:4242.27
