ffmpeg version 4.4.2-0ubuntu0.22.04.1 Copyright (c) 2000-2021 the FFmpeg developers
  built with gcc 11 (Ubuntu 11.2.0-19ubuntu1)
  configuration: --prefix=/usr --extra-version=0ubuntu0.22.04.1 --toolchain=hardened --libdir=/usr/lib/x86_64-linux-gnu --incdir=/usr/include/x86_64-linux-gnu --arch=amd64 --enable-gpl --disable-stripping --enable-gnutls --enable-ladspa --enable-libaom --enable-libass --enable-libbluray --enable-libbs2b --enable-libcaca --enable-libcdio --enable-libcodec2 --enable-libdav1d --enable-libflite --enable-libfontconfig --enable-libfreetype --enable-libfribidi --enable-libgme --enable-libgsm --enable-libjack --enable-libmp3lame --enable-libmysofa --enable-libopenjpeg --enable-libopenmpt --enable-libopus --enable-libpulse --enable-librabbitmq --enable-librubberband --enable-libshine --enable-libsnappy --enable-libsoxr --enable-libspeex --enable-libsrt --enable-libssh --enable-libtheora --enable-libtwolame --enable-libvidstab --enable-libvorbis --enable-libvpx --enable-libwebp --enable-libx265 --enable-libxml2 --enable-libxvid --enable-libzimg --enable-libzmq --enable-libzvbi --enable-lv2 --enable-omx --enable-openal --enable-opencl --enable-opengl --enable-sdl2 --enable-pocketsphinx --enable-librsvg --enable-libmfx --enable-libdc1394 --enable-libdrm --enable-libiec61883 --enable-chromaprint --enable-frei0r --enable-libx264 --enable-shared
  libavutil      56. 70.100 / 56. 70.100
  libavcodec     58.134.100 / 58.134.100
  libavformat    58. 76.100 / 58. 76.100
  libavdevice    58. 13.100 / 58. 13.100
  libavfilter     7.110.100 /  7.110.100
  libswscale      5.  9.100 /  5.  9.100
  libswresample   3.  9.100 /  3.  9.100
  libpostproc    55.  9.100 / 55.  9.100
Input #0, image2, from '/workspace/renders/panteon-catalana-insta360-nerfacto-dataset-traj/train/rgb/*.jpg':
  Duration: 00:00:18.67, start: 0.000000, bitrate: N/A
  Stream #0:0: Video: mjpeg (Baseline), yuvj420p(pc, bt470bg/unknown/unknown), 960x540 [SAR 1:1 DAR 16:9], 15 fps, 15 tbr, 15 tbn, 15 tbc
Stream mapping:
  Stream #0:0 -> #0:0 (mjpeg (native) -> h264 (libx264))
Press [q] to stop, [?] for help
[swscaler @ 0x5d5fadcc71c0] deprecated pixel format used, make sure you did set range correctly
[libx264 @ 0x5d5fadbd7440] using SAR=1/1
[libx264 @ 0x5d5fadbd7440] using cpu capabilities: MMX2 SSE2Fast SSSE3 SSE4.2 AVX FMA3 BMI2 AVX2
[libx264 @ 0x5d5fadbd7440] profile High, level 3.1, 4:2:0, 8-bit
[libx264 @ 0x5d5fadbd7440] 264 - core 163 r3060 5db6aa6 - H.264/MPEG-4 AVC codec - Copyleft 2003-2021 - http://www.videolan.org/x264.html - options: cabac=1 ref=3 deblock=1:0:0 analyse=0x3:0x113 me=hex subme=7 psy=1 psy_rd=1.00:0.00 mixed_ref=1 me_range=16 chroma_me=1 trellis=1 8x8dct=1 cqm=0 deadzone=21,11 fast_pskip=1 chroma_qp_offset=-2 threads=17 lookahead_threads=2 sliced_threads=0 nr=0 decimate=1 interlaced=0 bluray_compat=0 constrained_intra=0 bframes=3 b_pyramid=2 b_adapt=1 b_bias=0 direct=1 weightb=1 open_gop=0 weightp=2 keyint=250 keyint_min=15 scenecut=40 intra_refresh=0 rc_lookahead=40 rc=crf mbtree=1 crf=23.0 qcomp=0.60 qpmin=0 qpmax=69 qpstep=4 ip_ratio=1.40 aq=1:1.00
Output #0, mp4, to '/workspace/videos/panteon-catalana-insta360-nerfacto-dataset-traj.mp4':
  Metadata:
    encoder         : Lavf58.76.100
  Stream #0:0: Video: h264 (avc1 / 0x31637661), yuv420p(tv, bt470bg/unknown/unknown, progressive), 960x540 [SAR 1:1 DAR 16:9], q=2-31, 15 fps, 15360 tbn
    Metadata:
      encoder         : Lavc58.134.100 libx264
    Side data:
      cpb: bitrate max/min/avg: 0/0/0 buffer size: 0 vbv_delay: N/A
frame=    1 fps=0.0 q=0.0 size=       0kB time=00:00:00.00 bitrate=N/A speed=N/A    frame=   33 fps=0.0 q=0.0 size=       0kB time=00:00:00.00 bitrate=N/A speed=   0x    frame=   53 fps= 51 q=0.0 size=       0kB time=00:00:00.00 bitrate=N/A speed=   0x    frame=   72 fps= 46 q=27.0 size=     256kB time=00:00:00.53 bitrate=3932.4kbits/s speed=0.344x    frame=   93 fps= 45 q=27.0 size=     768kB time=00:00:01.93 bitrate=3254.3kbits/s speed=0.932x    frame=  114 fps= 44 q=27.0 size=    1536kB time=00:00:03.33 bitrate=3774.9kbits/s speed=1.29x    frame=  137 fps= 44 q=27.0 size=    2304kB time=00:00:04.86 bitrate=3878.3kbits/s speed=1.57x    frame=  162 fps= 45 q=27.0 size=    3072kB time=00:00:06.53 bitrate=3851.9kbits/s speed=1.81x    frame=  184 fps= 45 q=27.0 size=    3840kB time=00:00:08.00 bitrate=3932.2kbits/s speed=1.94x    frame=  209 fps= 45 q=27.0 size=    4608kB time=00:00:09.66 bitrate=3905.1kbits/s speed=2.09x    frame=  236 fps= 46 q=27.0 size=    5376kB time=00:00:11.46 bitrate=3840.7kbits/s speed=2.23x    frame=  260 fps= 46 q=24.0 size=    6144kB time=00:00:13.06 bitrate=3851.9kbits/s speed=2.31x    frame=  280 fps= 42 q=-1.0 Lsize=    8949kB time=00:00:18.46 bitrate=3969.6kbits/s speed=2.78x    
video:8944kB audio:0kB subtitle:0kB other streams:0kB global headers:0kB muxing overhead: 0.045605%
[libx264 @ 0x5d5fadbd7440] frame I:12    Avg QP:21.88  size: 46510
[libx264 @ 0x5d5fadbd7440] frame P:93    Avg QP:24.85  size: 37694
[libx264 @ 0x5d5fadbd7440] frame B:175   Avg QP:25.69  size: 29113
[libx264 @ 0x5d5fadbd7440] consecutive B-frames: 13.6%  6.4%  8.6% 71.4%
[libx264 @ 0x5d5fadbd7440] mb I  I16..4:  6.5% 78.7% 14.8%
[libx264 @ 0x5d5fadbd7440] mb P  I16..4:  6.4% 53.7%  9.9%  P16..4: 15.7% 10.0%  3.6%  0.0%  0.0%    skip: 0.7%
[libx264 @ 0x5d5fadbd7440] mb B  I16..4:  2.9% 16.3%  4.1%  B16..8: 37.4% 16.6%  3.8%  direct: 8.9%  skip:10.0%  L0:43.4% L1:41.1% BI:15.5%
[libx264 @ 0x5d5fadbd7440] 8x8 transform intra:74.6% inter:75.4%
[libx264 @ 0x5d5fadbd7440] coded y,uvDC,uvAC intra: 81.8% 76.5% 34.9% inter: 53.7% 48.5% 2.7%
[libx264 @ 0x5d5fadbd7440] i16 v,h,dc,p:  7%  7% 30% 55%
[libx264 @ 0x5d5fadbd7440] i8 v,h,dc,ddl,ddr,vr,hd,vl,hu: 15% 15% 17%  6%  9%  9% 10%  9%  9%
[libx264 @ 0x5d5fadbd7440] i4 v,h,dc,ddl,ddr,vr,hd,vl,hu: 15% 12% 19%  9%  9% 11%  9%  9%  8%
[libx264 @ 0x5d5fadbd7440] i8c dc,h,v,p: 51% 21% 17% 11%
[libx264 @ 0x5d5fadbd7440] Weighted P-Frames: Y:4.3% UV:4.3%
[libx264 @ 0x5d5fadbd7440] ref P L0: 62.8% 25.1%  8.5%  3.4%  0.2%
[libx264 @ 0x5d5fadbd7440] ref B L0: 95.4%  3.5%  1.1%
[libx264 @ 0x5d5fadbd7440] ref B L1: 98.5%  1.5%
[libx264 @ 0x5d5fadbd7440] kb/s:3925.03
