ffmpeg version 4.4.2-0ubuntu0.22.04.1 Copyright (c) 2000-2021 the FFmpeg developers
  built with gcc 11 (Ubuntu 11.2.0-19ubuntu1)
  configuration: --prefix=/usr --extra-version=0ubuntu0.22.04.1 --toolchain=hardened --libdir=/usr/lib/x86_64-linux-gnu --incdir=/usr/include/x86_64-linux-gnu --arch=amd64 --enable-gpl --disable-stripping --enable-gnutls --enable-ladspa --enable-libaom --enable-libass --enable-libbluray --enable-libbs2b --enable-libcaca --enable-libcdio --enable-libcodec2 --enable-libdav1d --enable-libflite --enable-libfontconfig --enable-libfreetype --enable-libfribidi --enable-libgme --enable-libgsm --enable-libjack --enable-libmp3lame --enable-libmysofa --enable-libopenjpeg --enable-libopenmpt --enable-libopus --enable-libpulse --enable-librabbitmq --enable-librubberband --enable-libshine --enable-libsnappy --enable-libsoxr --enable-libspeex --enable-libsrt --enable-libssh --enable-libtheora --enable-libtwolame --enable-libvidstab --enable-libvorbis --enable-libvpx --enable-libwebp --enable-libx265 --enable-libxml2 --enable-libxvid --enable-libzimg --enable-libzmq --enable-libzvbi --enable-lv2 --enable-omx --enable-openal --enable-opencl --enable-opengl --enable-sdl2 --enable-pocketsphinx --enable-librsvg --enable-libmfx --enable-libdc1394 --enable-libdrm --enable-libiec61883 --enable-chromaprint --enable-frei0r --enable-libx264 --enable-shared
  libavutil      56. 70.100 / 56. 70.100
  libavcodec     58.134.100 / 58.134.100
  libavformat    58. 76.100 / 58. 76.100
  libavdevice    58. 13.100 / 58. 13.100
  libavfilter     7.110.100 /  7.110.100
  libswscale      5.  9.100 /  5.  9.100
  libswresample   3.  9.100 /  3.  9.100
  libpostproc    55.  9.100 / 55.  9.100
Input #0, image2, from '/workspace/renders/panteon-catalana-insta360-splatfacto-dataset-traj/train/rgb/*.jpg':
  Duration: 00:00:18.67, start: 0.000000, bitrate: N/A
  Stream #0:0: Video: mjpeg (Baseline), yuvj420p(pc, bt470bg/unknown/unknown), 960x540 [SAR 1:1 DAR 16:9], 15 fps, 15 tbr, 15 tbn, 15 tbc
Stream mapping:
  Stream #0:0 -> #0:0 (mjpeg (native) -> h264 (libx264))
Press [q] to stop, [?] for help
[swscaler @ 0x5a769ee2e000] deprecated pixel format used, make sure you did set range correctly
[libx264 @ 0x5a769ed506c0] using SAR=1/1
[libx264 @ 0x5a769ed506c0] using cpu capabilities: MMX2 SSE2Fast SSSE3 SSE4.2 AVX FMA3 BMI2 AVX2
[libx264 @ 0x5a769ed506c0] profile High, level 3.1, 4:2:0, 8-bit
[libx264 @ 0x5a769ed506c0] 264 - core 163 r3060 5db6aa6 - H.264/MPEG-4 AVC codec - Copyleft 2003-2021 - http://www.videolan.org/x264.html - options: cabac=1 ref=3 deblock=1:0:0 analyse=0x3:0x113 me=hex subme=7 psy=1 psy_rd=1.00:0.00 mixed_ref=1 me_range=16 chroma_me=1 trellis=1 8x8dct=1 cqm=0 deadzone=21,11 fast_pskip=1 chroma_qp_offset=-2 threads=17 lookahead_threads=2 sliced_threads=0 nr=0 decimate=1 interlaced=0 bluray_compat=0 constrained_intra=0 bframes=3 b_pyramid=2 b_adapt=1 b_bias=0 direct=1 weightb=1 open_gop=0 weightp=2 keyint=250 keyint_min=15 scenecut=40 intra_refresh=0 rc_lookahead=40 rc=crf mbtree=1 crf=23.0 qcomp=0.60 qpmin=0 qpmax=69 qpstep=4 ip_ratio=1.40 aq=1:1.00
Output #0, mp4, to '/workspace/videos/panteon-catalana-insta360-splatfacto-dataset-traj.mp4':
  Metadata:
    encoder         : Lavf58.76.100
  Stream #0:0: Video: h264 (avc1 / 0x31637661), yuv420p(tv, bt470bg/unknown/unknown, progressive), 960x540 [SAR 1:1 DAR 16:9], q=2-31, 15 fps, 15360 tbn
    Metadata:
      encoder         : Lavc58.134.100 libx264
    Side data:
      cpb: bitrate max/min/avg: 0/0/0 buffer size: 0 vbv_delay: N/A
frame=    1 fps=0.0 q=0.0 size=       0kB time=00:00:00.00 bitrate=N/A speed=   0x    frame=   47 fps=0.0 q=0.0 size=       0kB time=00:00:00.00 bitrate=N/A speed=   0x    frame=   81 fps= 76 q=27.0 size=     256kB time=00:00:01.13 bitrate=1850.7kbits/s speed=1.06x    frame=  118 fps= 74 q=27.0 size=    1280kB time=00:00:03.60 bitrate=2912.8kbits/s speed=2.27x    frame=  156 fps= 75 q=27.0 size=    2048kB time=00:00:06.13 bitrate=2735.4kbits/s speed=2.93x    frame=  192 fps= 74 q=27.0 size=    3072kB time=00:00:08.53 bitrate=2949.1kbits/s speed=3.28x    frame=  226 fps= 73 q=24.0 size=    3584kB time=00:00:10.80 bitrate=2718.5kbits/s speed=3.47x    frame=  262 fps= 73 q=27.0 size=    4352kB time=00:00:13.20 bitrate=2700.9kbits/s speed=3.66x    frame=  280 fps= 66 q=-1.0 Lsize=    5944kB time=00:00:18.46 bitrate=2636.7kbits/s speed=4.36x    
video:5940kB audio:0kB subtitle:0kB other streams:0kB global headers:0kB muxing overhead: 0.057226%
[libx264 @ 0x5a769ed506c0] frame I:13    Avg QP:22.61  size: 36453
[libx264 @ 0x5a769ed506c0] frame P:162   Avg QP:24.97  size: 23330
[libx264 @ 0x5a769ed506c0] frame B:105   Avg QP:25.92  size: 17418
[libx264 @ 0x5a769ed506c0] consecutive B-frames: 44.3% 10.7% 19.3% 25.7%
[libx264 @ 0x5a769ed506c0] mb I  I16..4:  7.0% 76.2% 16.8%
[libx264 @ 0x5a769ed506c0] mb P  I16..4:  5.2% 35.8%  6.5%  P16..4: 22.9% 18.7%  8.4%  0.0%  0.0%    skip: 2.5%
[libx264 @ 0x5a769ed506c0] mb B  I16..4:  2.0% 14.1%  3.5%  B16..8: 34.0% 21.5%  6.1%  direct: 7.0%  skip:11.9%  L0:46.5% L1:31.7% BI:21.7%
[libx264 @ 0x5a769ed506c0] 8x8 transform intra:74.8% inter:72.0%
[libx264 @ 0x5a769ed506c0] coded y,uvDC,uvAC intra: 73.1% 67.8% 26.6% inter: 51.9% 38.1% 2.1%
[libx264 @ 0x5a769ed506c0] i16 v,h,dc,p: 14% 31%  5% 50%
[libx264 @ 0x5a769ed506c0] i8 v,h,dc,ddl,ddr,vr,hd,vl,hu: 17% 23% 11%  6%  8%  7% 11%  8% 10%
[libx264 @ 0x5a769ed506c0] i4 v,h,dc,ddl,ddr,vr,hd,vl,hu: 19% 22%  8%  5% 11%  9% 13%  6%  7%
[libx264 @ 0x5a769ed506c0] i8c dc,h,v,p: 48% 26% 17%  9%
[libx264 @ 0x5a769ed506c0] Weighted P-Frames: Y:7.4% UV:1.9%
[libx264 @ 0x5a769ed506c0] ref P L0: 65.2% 27.0%  5.7%  2.0%  0.1%
[libx264 @ 0x5a769ed506c0] ref B L0: 95.4%  3.9%  0.8%
[libx264 @ 0x5a769ed506c0] ref B L1: 99.4%  0.6%
[libx264 @ 0x5a769ed506c0] kb/s:2606.68
