============================================================
PANTEON ASOCIACION CATALANA
PIPELINE DE RECONSTRUCCION 3D
============================================================

Fecha:
2026-08-13 09:39:45

Proyecto:
Panteón Asociación Catalana - Cementerio de Chacarita

Root:
C:\nerfstudio_work\panteon-chacarita\panteon-asociacion-catalana

Datasets:
- dataset-insta360
- dataset-clean

Pipeline previsto:
RealityScan alignment
→ RealityScan COLMAP export
→ Nerfstudio dataset
→ Nerfacto
→ Splatfacto
→ renders
→ Gaussian Splat PLY

============================================================
SISTEMA
============================================================

===== GPU =====
Thu Aug 13 09:39:45 2026       
+-----------------------------------------------------------------------------------------+
| NVIDIA-SMI 610.62                 KMD Version: 610.62        CUDA UMD Version: 13.3     |
+-----------------------------------------+------------------------+----------------------+
| GPU  Name                  Driver-Model | Bus-Id          Disp.A | Volatile Uncorr. ECC |
| Fan  Temp   Perf          Pwr:Usage/Cap |           Memory-Usage | GPU-Util  Compute M. |
|                                         |                        |               MIG M. |
|=========================================+========================+======================|
|   0  NVIDIA GeForce RTX 2060 ...  WDDM  |   00000000:01:00.0 Off |                  N/A |
| N/A   60C    P8              9W /   65W |     766MiB /   6144MiB |     30%      Default |
|                                         |                        |                  N/A |
+-----------------------------------------+------------------------+----------------------+

+-----------------------------------------------------------------------------------------+
| Processes:                                                                              |
|  GPU   GI   CI              PID   Type   Process name                        GPU Memory |
|        ID   ID                                                               Usage      |
|=========================================================================================|
|    0   N/A  N/A            8440    C+G   ...grams\LM Studio\LM Studio.exe      N/A      |
|    0   N/A  N/A           18596    C+G   ...s\Win64\EpicGamesLauncher.exe      N/A      |
|    0   N/A  N/A           27444    C+G   ...ayRenderer-Win64-Shipping.exe      N/A      |
|    0   N/A  N/A           42336    C+G   ...\Figma\app-126.7.10\Figma.exe      N/A      |
+-----------------------------------------------------------------------------------------+

===== FFMPEG =====
ffmpeg version 8.1.1-full_build-www.gyan.dev Copyright (c) 2000-2026 the FFmpeg developers
built with gcc 15.2.0 (Rev13, Built by MSYS2 project)
configuration: --enable-gpl --enable-version3 --enable-static --disable-w32threads --disable-autodetect --enable-cairo --enable-fontconfig --enable-iconv --enable-gnutls --enable-lcms2 --enable-libxml2 --enable-gmp --enable-bzlib --enable-lzma --enable-libsnappy --enable-zlib --enable-librist --enable-libsrt --enable-libssh --enable-libzmq --enable-avisynth --enable-libbluray --enable-libcaca --enable-libdvdnav --enable-libdvdread --enable-sdl2 --enable-libaribb24 --enable-libaribcaption --enable-libdav1d --enable-libdavs2 --enable-libopenjpeg --enable-libquirc --enable-libuavs3d --enable-libxevd --enable-libzvbi --enable-liboapv --enable-libqrencode --enable-librav1e --enable-libsvtav1 --enable-libvvenc --enable-libwebp --enable-libx264 --enable-libx265 --enable-libxavs2 --enable-libxeve --enable-libxvid --enable-libaom --enable-libjxl --enable-libsvtjpegxs --enable-libvpx --enable-mediafoundation --enable-libass --enable-frei0r --enable-libfreetype --enable-libfribidi --enable-libharfbuzz --enable-liblensfun --enable-libvidstab --enable-libvmaf --enable-libzimg --enable-amf --enable-cuda-llvm --enable-cuvid --enable-dxva2 --enable-d3d11va --enable-d3d12va --enable-ffnvcodec --enable-libvpl --enable-nvdec --enable-nvenc --enable-vaapi --enable-libshaderc --enable-vulkan --enable-libplacebo --enable-opencl --enable-libcdio --enable-openal --enable-libgme --enable-libmodplug --enable-libopenmpt --enable-libopencore-amrwb --enable-libmp3lame --enable-libshine --enable-libtheora --enable-libtwolame --enable-libvo-amrwbenc --enable-libcodec2 --enable-libilbc --enable-libgsm --enable-liblc3 --enable-libopencore-amrnb --enable-libopus --enable-libspeex --enable-libvorbis --enable-ladspa --enable-libbs2b --enable-libflite --enable-libmysofa --enable-librubberband --enable-libsoxr --enable-chromaprint --enable-whisper
libavutil      60. 26.101 / 60. 26.101
libavcodec     62. 28.101 / 62. 28.101
