──────────────────────────────────────────────────────── Config ────────────────────────────────────────────────────────
TrainerConfig(
    _target=<class 'nerfstudio.engine.trainer.Trainer'>,
    output_dir=PosixPath('/workspace/outputs-templete-splat'),
    method_name='splatfacto',
    experiment_name='templete-central-realityscan-splat-ds8',
    project_name='nerfstudio-project',
    timestamp='2026-08-24_225316',
    machine=MachineConfig(seed=42, num_devices=1, num_machines=1, machine_rank=0, dist_url='auto', device_type='cuda'),
    logging=LoggingConfig(
        relative_log_dir=PosixPath('.'),
        steps_per_log=10,
        max_buffer_size=20,
        local_writer=LocalWriterConfig(
            _target=<class 'nerfstudio.utils.writer.LocalWriter'>,
            enable=True,
            stats_to_track=(
                <EventName.ITER_TRAIN_TIME: 'Train Iter (time)'>,
                <EventName.TRAIN_RAYS_PER_SEC: 'Train Rays / Sec'>,
                <EventName.CURR_TEST_PSNR: 'Test PSNR'>,
                <EventName.VIS_RAYS_PER_SEC: 'Vis Rays / Sec'>,
                <EventName.TEST_RAYS_PER_SEC: 'Test Rays / Sec'>,
                <EventName.ETA: 'ETA (time)'>
            ),
            max_log_size=10
        ),
        profiler='basic'
    ),
    viewer=ViewerConfig(
        relative_log_filename='viewer_log_filename.txt',
        websocket_port=None,
        websocket_port_default=7007,
        websocket_host='0.0.0.0',
        num_rays_per_chunk=32768,
        max_num_display_images=512,
        quit_on_train_completion=False,
        image_format='jpeg',
        jpeg_quality=75,
        make_share_url=False,
        camera_frustum_scale=0.1,
        default_composite_depth=True
    ),
    pipeline=VanillaPipelineConfig(
        _target=<class 'nerfstudio.pipelines.base_pipeline.VanillaPipeline'>,
        datamanager=FullImageDatamanagerConfig(
            _target=<class 'nerfstudio.data.datamanagers.full_images_datamanager.FullImageDatamanager'>,
            data=None,
            masks_on_gpu=False,
            images_on_gpu=False,
            dataparser=NerfstudioDataParserConfig(
                _target=<class 'nerfstudio.data.dataparsers.nerfstudio_dataparser.Nerfstudio'>,
                data=PosixPath('/workspace/ns-from-realityscan'),
                scale_factor=1.0,
                downscale_factor=8,
                scene_scale=1.0,
                orientation_method='up',
                center_method='poses',
                auto_scale_poses=True,
                eval_mode='fraction',
                train_split_fraction=0.9,
                eval_interval=8,
                depth_unit_scale_factor=0.001,
                mask_color=None,
                load_3D_points=True
            ),
            camera_res_scale_factor=1.0,
            eval_num_images_to_sample_from=-1,
            eval_num_times_to_repeat_images=-1,
            eval_image_indices=(0,),
            cache_images='cpu',
            cache_images_type='uint8',
            max_thread_workers=1,
            train_cameras_sampling_strategy='random',
            train_cameras_sampling_seed=42,
            fps_reset_every=100
        ),
        model=SplatfactoModelConfig(
            _target=<class 'nerfstudio.models.splatfacto.SplatfactoModel'>,
            enable_collider=True,
            collider_params={'near_plane': 2.0, 'far_plane': 6.0},
            loss_coefficients={'rgb_loss_coarse': 1.0, 'rgb_loss_fine': 1.0},
            eval_num_rays_per_chunk=4096,
            prompt=None,
            warmup_length=500,
            refine_every=100,
            resolution_schedule=3000,
            background_color='random',
            num_downscales=2,
            cull_alpha_thresh=0.1,
            cull_scale_thresh=0.5,
            reset_alpha_every=30,
            densify_grad_thresh=0.0008,
            use_absgrad=True,
            densify_size_thresh=0.01,
            n_split_samples=2,
            sh_degree_interval=1000,
            cull_screen_size=0.15,
            split_screen_size=0.05,
            stop_screen_size_at=4000,
            random_init=False,
            num_random=50000,
            random_scale=10.0,
            ssim_lambda=0.2,
            stop_split_at=15000,
            sh_degree=3,
            use_scale_regularization=False,
            max_gauss_ratio=10.0,
            output_depth_during_training=False,
            rasterize_mode='classic',
            camera_optimizer=CameraOptimizerConfig(
                _target=<class 'nerfstudio.cameras.camera_optimizers.CameraOptimizer'>,
                mode='off',
                trans_l2_penalty=0.01,
                rot_l2_penalty=0.001,
                optimizer=None,
                scheduler=None
            ),
            use_bilateral_grid=False,
            grid_shape=(16, 16, 8),
            color_corrected_metrics=False
        )
    ),
    optimizers={
        'means': {
            'optimizer': AdamOptimizerConfig(
                _target=<class 'torch.optim.adam.Adam'>,
                lr=0.00016,
                eps=1e-15,
                max_norm=None,
                weight_decay=0
            ),
            'scheduler': ExponentialDecaySchedulerConfig(
                _target=<class 'nerfstudio.engine.schedulers.ExponentialDecayScheduler'>,
                lr_pre_warmup=1e-08,
                lr_final=1.6e-06,
                warmup_steps=0,
                max_steps=30000,
                ramp='cosine'
            )
        },
        'features_dc': {
            'optimizer': AdamOptimizerConfig(
                _target=<class 'torch.optim.adam.Adam'>,
                lr=0.0025,
                eps=1e-15,
                max_norm=None,
                weight_decay=0
            ),
            'scheduler': None
        },
        'features_rest': {
            'optimizer': AdamOptimizerConfig(
                _target=<class 'torch.optim.adam.Adam'>,
                lr=0.000125,
                eps=1e-15,
                max_norm=None,
                weight_decay=0
            ),
            'scheduler': None
        },
        'opacities': {
            'optimizer': AdamOptimizerConfig(
                _target=<class 'torch.optim.adam.Adam'>,
                lr=0.05,
                eps=1e-15,
                max_norm=None,
                weight_decay=0
            ),
            'scheduler': None
        },
        'scales': {
            'optimizer': AdamOptimizerConfig(
                _target=<class 'torch.optim.adam.Adam'>,
                lr=0.005,
                eps=1e-15,
                max_norm=None,
                weight_decay=0
            ),
            'scheduler': None
        },
        'quats': {
            'optimizer': AdamOptimizerConfig(
                _target=<class 'torch.optim.adam.Adam'>,
                lr=0.001,
                eps=1e-15,
                max_norm=None,
                weight_decay=0
            ),
            'scheduler': None
        },
        'camera_opt': {
            'optimizer': AdamOptimizerConfig(
                _target=<class 'torch.optim.adam.Adam'>,
                lr=0.0001,
                eps=1e-15,
                max_norm=None,
                weight_decay=0
            ),
            'scheduler': ExponentialDecaySchedulerConfig(
                _target=<class 'nerfstudio.engine.schedulers.ExponentialDecayScheduler'>,
                lr_pre_warmup=0,
                lr_final=5e-07,
                warmup_steps=1000,
                max_steps=30000,
                ramp='cosine'
            )
        },
        'bilateral_grid': {
            'optimizer': AdamOptimizerConfig(
                _target=<class 'torch.optim.adam.Adam'>,
                lr=0.002,
                eps=1e-15,
                max_norm=None,
                weight_decay=0
            ),
            'scheduler': ExponentialDecaySchedulerConfig(
                _target=<class 'nerfstudio.engine.schedulers.ExponentialDecayScheduler'>,
                lr_pre_warmup=0,
                lr_final=0.0001,
                warmup_steps=1000,
                max_steps=30000,
                ramp='cosine'
            )
        }
    },
    vis='viewer',
    data=None,
    prompt=None,
    relative_model_dir=PosixPath('nerfstudio_models'),
    load_scheduler=True,
    steps_per_save=2000,
    steps_per_eval_batch=0,
    steps_per_eval_image=100,
    steps_per_eval_all_images=1000,
    max_num_iterations=30000,
    mixed_precision=False,
    use_grad_scaler=False,
    save_only_latest_checkpoint=True,
    load_dir=None,
    load_step=None,
    load_config=None,
    load_checkpoint=None,
    log_gradients=False,
    gradient_accumulation_steps={},
    start_paused=False
)
────────────────────────────────────────────────────────────────────────────────────────────────────────────────────────
[22:53:16] Saving config to:                                                                    experiment_config.py:136
           /workspace/outputs-templete-splat/templete-central-realityscan-splat-ds8/splatfacto/                         
           2026-08-24_225316/config.yml                                                                                 
           Saving checkpoints to:                                                                         trainer.py:142
           /workspace/outputs-templete-splat/templete-central-realityscan-splat-ds8/splatfacto/2026-08-24               
           _225316/nerfstudio_models                                                                                    
╭─────────────── viser ───────────────╮
│             ╷                       │
│   HTTP      │ http://0.0.0.0:7007   │
│   Websocket │ ws://0.0.0.0:7007     │
│             ╵                       │
╰─────────────────────────────────────╯
[22:53:59] Caching / undistorting eval images                                             full_images_datamanager.py:230

Traceback (most recent call last):
  File "/usr/local/bin/ns-train", line 8, in <module>
    sys.exit(entrypoint())
  File "/usr/local/lib/python3.10/dist-packages/nerfstudio/scripts/train.py", line 262, in entrypoint
    main(
  File "/usr/local/lib/python3.10/dist-packages/nerfstudio/scripts/train.py", line 247, in main
    launch(
  File "/usr/local/lib/python3.10/dist-packages/nerfstudio/scripts/train.py", line 189, in launch
    main_func(local_rank=0, world_size=world_size, config=config)
  File "/usr/local/lib/python3.10/dist-packages/nerfstudio/scripts/train.py", line 99, in train_loop
    trainer.setup()
  File "/usr/local/lib/python3.10/dist-packages/nerfstudio/engine/trainer.py", line 187, in setup
    self.viewer_state = ViewerState(
  File "/usr/local/lib/python3.10/dist-packages/nerfstudio/viewer/viewer.py", line 260, in __init__
    if len(parse_object(pipeline, LegacyViewerElement, "Custom Elements")) > 0:
  File "/usr/local/lib/python3.10/dist-packages/nerfstudio/viewer/utils.py", line 158, in parse_object
    lower_rets = parse_object(v, type_check, new_tree_stub)
  File "/usr/local/lib/python3.10/dist-packages/nerfstudio/viewer/utils.py", line 146, in parse_object
    obj_props = [(k, getattr(obj, k)) for k in dir(obj) if not isinstance(getattr(type(obj), k, None), cached_property)]
  File "/usr/local/lib/python3.10/dist-packages/nerfstudio/viewer/utils.py", line 146, in <listcomp>
    obj_props = [(k, getattr(obj, k)) for k in dir(obj) if not isinstance(getattr(type(obj), k, None), cached_property)]
  File "/usr/local/lib/python3.10/dist-packages/nerfstudio/data/datamanagers/full_images_datamanager.py", line 318, in fixed_indices_eval_dataloader
    data = [d.copy() for d in self.cached_eval]
  File "/usr/lib/python3.10/functools.py", line 981, in __get__
    val = self.func(instance)
  File "/usr/local/lib/python3.10/dist-packages/nerfstudio/data/datamanagers/full_images_datamanager.py", line 189, in cached_eval
    return self._load_images("eval", cache_images_device=self.config.cache_images)
  File "/usr/local/lib/python3.10/dist-packages/nerfstudio/data/datamanagers/full_images_datamanager.py", line 232, in _load_images
    undistorted_images = list(
  File "/usr/local/lib/python3.10/dist-packages/rich/progress.py", line 175, in track
    yield from progress.track(
  File "/usr/local/lib/python3.10/dist-packages/rich/progress.py", line 1225, in track
    for value in sequence:
  File "/usr/lib/python3.10/concurrent/futures/_base.py", line 621, in result_iterator
    yield _result_or_cancel(fs.pop())
  File "/usr/lib/python3.10/concurrent/futures/_base.py", line 319, in _result_or_cancel
    return fut.result(timeout)
  File "/usr/lib/python3.10/concurrent/futures/_base.py", line 458, in result
    return self.__get_result()
  File "/usr/lib/python3.10/concurrent/futures/_base.py", line 403, in __get_result
    raise self._exception
  File "/usr/lib/python3.10/concurrent/futures/thread.py", line 58, in run
    result = self.fn(*self.args, **self.kwargs)
  File "/usr/local/lib/python3.10/dist-packages/nerfstudio/data/datamanagers/full_images_datamanager.py", line 205, in undistort_idx
    data = dataset.get_data(idx, image_type=self.config.cache_images_type)
  File "/usr/local/lib/python3.10/dist-packages/nerfstudio/data/datasets/base_dataset.py", line 123, in get_data
    image = self.get_image_uint8(image_idx)
  File "/usr/local/lib/python3.10/dist-packages/nerfstudio/data/datasets/base_dataset.py", line 102, in get_image_uint8
    image = torch.from_numpy(self.get_numpy_image(image_idx))
  File "/usr/local/lib/python3.10/dist-packages/nerfstudio/data/datasets/base_dataset.py", line 69, in get_numpy_image
    pil_image = Image.open(image_filename)
  File "/usr/local/lib/python3.10/dist-packages/PIL/Image.py", line 3469, in open
    fp = builtins.open(filename, "rb")
FileNotFoundError: [Errno 2] No such file or directory: '/workspace/ns-from-realityscan/images_8/00010.png'
