
==========
== CUDA ==
==========

CUDA Version 11.8.0

Container image Copyright (c) 2016-2023, NVIDIA CORPORATION & AFFILIATES. All rights reserved.

This container image and its contents are governed by the NVIDIA Deep Learning Container License.
By pulling and using the container, you accept the terms and conditions of this license:
https://developer.nvidia.com/ngc/nvidia-deep-learning-container-license

A copy of this license is made available in this container at /NGC-DL-CONTAINER-LICENSE for your convenience.

bash: line 1: set: pipefail
: invalid option name
bash: line 2: $'\r': command not found
============================================================
COLMAP FEATURE EXTRACTION
============================================================
bash: line 6: $'\r': command not found
bash: line 7: $'date\r': command not found

bash: line 8: $'\r': command not found
COLMAP version:
head: invalid number of lines: '5\r'
bash: line 12: $'\r': command not found

Images:
wc: invalid option -- '
'
Try 'wc --help' for more information.
bash: line 16: $'\r': command not found

bash: line 18: $'\r': command not found
E0825 21:32:40.135324    40 option_manager.cc:869] Failed to parse options - the option '--database_path' is required but missing.
bash: line 20: --database_path: command not found
bash: line 21: --image_path: command not found
bash: line 22: --ImageReader.single_camera: command not found
bash: line 23: --SiftExtraction.use_gpu: command not found
bash: line 24: $'\r': command not found
bash: line 26: $'\r': command not found

FEATURE_EXTRACTOR_EXIT_CODE=127

bash: line 29: $'\r': command not found
bash: line 30: exit: 127
: numeric argument required
