===== DATE =====
Sat Jun 20 17:31:43 UTC 2026

===== HOSTNAME =====
03928a4058aa

===== GPU =====
Sat Jun 20 17:31:44 2026       
+-----------------------------------------------------------------------------------------+
| NVIDIA-SMI 610.43.02              KMD Version: 610.62        CUDA UMD Version: 13.3     |
+-----------------------------------------+------------------------+----------------------+
| GPU  Name                 Persistence-M | Bus-Id          Disp.A | Volatile Uncorr. ECC |
| Fan  Temp   Perf          Pwr:Usage/Cap |           Memory-Usage | GPU-Util  Compute M. |
|                                         |                        |               MIG M. |
|=========================================+========================+======================|
|   0  NVIDIA GeForce RTX 2060 ...    On  |   00000000:01:00.0 Off |                  N/A |
| N/A   60C    P8              8W /   65W |     464MiB /   6144MiB |      0%      Default |
|                                         |                        |                  N/A |
+-----------------------------------------+------------------------+----------------------+

+-----------------------------------------------------------------------------------------+
| Processes:                                                                              |
|  GPU   GI   CI              PID   Type   Process name                        GPU Memory |
|        ID   ID                                                               Usage      |
|=========================================================================================|
|    0   N/A  N/A              51      G   /Xwayland                             N/A      |
+-----------------------------------------------------------------------------------------+

===== PYTHON =====
Python 3.10.12

===== PYTORCH / CUDA =====
torch: 2.1.2+cu118
cuda available: True
cuda version: 11.8
gpu: NVIDIA GeForce RTX 2060 with Max-Q Design
gpu memory GB: 5.99969482421875

===== NERFSTUDIO =====
usage: ns-train [-h]
                {depth-nerfacto,dnerf,generfacto,instant-ngp,instant-ngp-bound
ed,mipnerf,nerfacto,nerfacto-big,nerfacto-huge,neus,neus-facto,phototourism,se
mantic-nerfw,splatfacto,splatfacto-big,tensorf,vanilla-nerf,BioNeRF,igs2gs,in2
n,in2n-small,in2n-tiny,kplanes,kplanes-dynamic,lerf,lerf-big,lerf-lite,nerfgs,
nerfplayer-nerfacto,nerfplayer-ngp,nerfsh,pynerf,pynerf-occupancy-grid,pynerf-
synthetic,seathru-nerf,seathru-nerf-lite,signerf,signerf_nerfacto,splatfacto-w
,tetra-nerf,tetra-nerf-original,volinga,zipnerf}

Train a radiance field with nerfstudio. For real captures, we recommend using 
the nerfacto model.

Nerfstudio allows for customizing your training and eval configs from the CLI 
in a powerful way, but there are some things to understand.

The most demonstrative and helpful example of the CLI structure is the 
difference in output between the following commands:

    ns-train -h
    ns-train nerfacto -h nerfstudio-data
    ns-train nerfacto nerfstudio-data -h

In each of these examples, the -h applies to the previous subcommand 
(ns-train, nerfacto, and nerfstudio-data).

In the first example, we get the help menu for the ns-train script. In the 
second example, we get the help menu for the nerfacto model. In the third 
example, we get the help menu for the nerfstudio-data dataparser.

With our scripts, your arguments will apply to the preceding subcommand in 
your command, and thus where you put your arguments matters! Any optional 
arguments you discover from running

    ns-train nerfacto -h nerfstudio-data

need to come directly after the nerfacto subcommand, since these optional 
arguments only belong to the nerfacto subcommand:

    ns-train nerfacto {nerfacto optional args} nerfstudio-data


===== COLMAP =====
COLMAP 3.9.1 -- Structure-from-Motion and Multi-View Stereo
(Commit e9903641 on 2024-01-08 with CUDA)

Usage:
  colmap [command] [options]

Documentation:
  https://colmap.github.io/

Example usage:
  colmap help [ -h, --help ]
  colmap gui
  colmap gui -h [ --help ]
  colmap automatic_reconstructor -h [ --help ]
  colmap automatic_reconstructor --image_path IMAGES --workspace_path WORKSPACE
  colmap feature_extractor --image_path IMAGES --database_path DATABASE
  colmap exhaustive_matcher --database_path DATABASE
  colmap mapper --image_path IMAGES --database_path DATABASE --output_path MODEL
  ...

Available commands:
  help
  gui
  automatic_reconstructor
  bundle_adjuster
  color_extractor
  database_cleaner
  database_creator
  database_merger
  delaunay_mesher
  exhaustive_matcher
  feature_extractor
  feature_importer
  hierarchical_mapper
  image_deleter
  image_filterer
  image_rectifier
  image_registrator
  image_undistorter
  image_undistorter_standalone

===== DATASET IMAGE COUNT =====
707

===== DATASET SIZE =====
668M	drone-frames-1
