[22:15:40] Using --data alias for --data.pipeline.datamanager.data                                          train.py:230
──────────────────────────────────────────────────────── Config ────────────────────────────────────────────────────────
TrainerConfig(
    _target=<class 'nerfstudio.engine.trainer.Trainer'>,
    output_dir=PosixPath('outputs'),
    method_name='nerfacto',
    experiment_name='paraguas-vicentelopez-drone-nerfacto',
    project_name='nerfstudio-project',
    timestamp='2026-06-20_221540',
    machine=MachineConfig(seed=42, num_devices=1, num_machines=1, machine_rank=0, dist_url='auto', device_type='cuda'),
    logging=LoggingConfig(
        relative_log_dir=PosixPath('.'),
        steps_per_log=10,
        max_buffer_size=20,
        local_writer=LocalWriterConfig(
            _target=<class 'nerfstudio.utils.writer.LocalWriter'>,
            enable=True,
            stats_to_track=(
                <EventName.ITER_TRAIN_TIME: 'Train Iter (time)'>,
                <EventName.TRAIN_RAYS_PER_SEC: 'Train Rays / Sec'>,
                <EventName.CURR_TEST_PSNR: 'Test PSNR'>,
                <EventName.VIS_RAYS_PER_SEC: 'Vis Rays / Sec'>,
                <EventName.TEST_RAYS_PER_SEC: 'Test Rays / Sec'>,
                <EventName.ETA: 'ETA (time)'>
            ),
            max_log_size=10
        ),
        profiler='basic'
    ),
    viewer=ViewerConfig(
        relative_log_filename='viewer_log_filename.txt',
        websocket_port=None,
        websocket_port_default=7007,
        websocket_host='0.0.0.0',
        num_rays_per_chunk=32768,
        max_num_display_images=512,
        quit_on_train_completion=False,
        image_format='jpeg',
        jpeg_quality=75,
        make_share_url=False,
        camera_frustum_scale=0.1,
        default_composite_depth=True
    ),
    pipeline=VanillaPipelineConfig(
        _target=<class 'nerfstudio.pipelines.base_pipeline.VanillaPipeline'>,
        datamanager=ParallelDataManagerConfig(
            _target=<class 'nerfstudio.data.datamanagers.parallel_datamanager.ParallelDataManager'>,
            data=PosixPath('ns-data-drone'),
            masks_on_gpu=False,
            images_on_gpu=False,
            dataparser=NerfstudioDataParserConfig(
                _target=<class 'nerfstudio.data.dataparsers.nerfstudio_dataparser.Nerfstudio'>,
                data=PosixPath('.'),
                scale_factor=1.0,
                downscale_factor=None,
                scene_scale=1.0,
                orientation_method='up',
                center_method='poses',
                auto_scale_poses=True,
                eval_mode='fraction',
                train_split_fraction=0.9,
                eval_interval=8,
                depth_unit_scale_factor=0.001,
                mask_color=None,
                load_3D_points=False
            ),
            train_num_rays_per_batch=4096,
            train_num_images_to_sample_from=-1,
            train_num_times_to_repeat_images=-1,
            eval_num_rays_per_batch=4096,
            eval_num_images_to_sample_from=-1,
            eval_num_times_to_repeat_images=-1,
            eval_image_indices=(0,),
            collate_fn=<function nerfstudio_collate at 0x76abaf9e5fc0>,
            camera_res_scale_factor=1.0,
            patch_size=1,
            camera_optimizer=None,
            pixel_sampler=PixelSamplerConfig(
                _target=<class 'nerfstudio.data.pixel_samplers.PixelSampler'>,
                num_rays_per_batch=4096,
                keep_full_image=False,
                is_equirectangular=False,
                ignore_mask=False,
                fisheye_crop_radius=None,
                rejection_sample_mask=True,
                max_num_iterations=100
            ),
            num_processes=1,
            queue_size=2,
            max_thread_workers=None
        ),
        model=NerfactoModelConfig(
            _target=<class 'nerfstudio.models.nerfacto.NerfactoModel'>,
            enable_collider=True,
            collider_params={'near_plane': 2.0, 'far_plane': 6.0},
            loss_coefficients={'rgb_loss_coarse': 1.0, 'rgb_loss_fine': 1.0},
            eval_num_rays_per_chunk=32768,
            prompt=None,
            near_plane=0.05,
            far_plane=1000.0,
            background_color='last_sample',
            hidden_dim=64,
            hidden_dim_color=64,
            hidden_dim_transient=64,
            num_levels=16,
            base_res=16,
            max_res=2048,
            log2_hashmap_size=19,
            features_per_level=2,
            num_proposal_samples_per_ray=(256, 96),
            num_nerf_samples_per_ray=48,
            proposal_update_every=5,
            proposal_warmup=5000,
            num_proposal_iterations=2,
            use_same_proposal_network=False,
            proposal_net_args_list=[
                {'hidden_dim': 16, 'log2_hashmap_size': 17, 'num_levels': 5, 'max_res': 128, 'use_linear': False},
                {'hidden_dim': 16, 'log2_hashmap_size': 17, 'num_levels': 5, 'max_res': 256, 'use_linear': False}
            ],
            proposal_initial_sampler='piecewise',
            interlevel_loss_mult=1.0,
            distortion_loss_mult=0.002,
            orientation_loss_mult=0.0001,
            pred_normal_loss_mult=0.001,
            use_proposal_weight_anneal=True,
            use_appearance_embedding=True,
            use_average_appearance_embedding=True,
            proposal_weights_anneal_slope=10.0,
            proposal_weights_anneal_max_num_iters=1000,
            use_single_jitter=True,
            predict_normals=False,
            disable_scene_contraction=False,
            use_gradient_scaling=False,
            implementation='tcnn',
            appearance_embed_dim=32,
            average_init_density=0.01,
            camera_optimizer=CameraOptimizerConfig(
                _target=<class 'nerfstudio.cameras.camera_optimizers.CameraOptimizer'>,
                mode='SO3xR3',
                trans_l2_penalty=0.01,
                rot_l2_penalty=0.001,
                optimizer=None,
                scheduler=None
            )
        )
    ),
    optimizers={
        'proposal_networks': {
            'optimizer': AdamOptimizerConfig(
                _target=<class 'torch.optim.adam.Adam'>,
                lr=0.01,
                eps=1e-15,
                max_norm=None,
                weight_decay=0
            ),
            'scheduler': ExponentialDecaySchedulerConfig(
                _target=<class 'nerfstudio.engine.schedulers.ExponentialDecayScheduler'>,
                lr_pre_warmup=1e-08,
                lr_final=0.0001,
                warmup_steps=0,
                max_steps=200000,
                ramp='cosine'
            )
        },
        'fields': {
            'optimizer': AdamOptimizerConfig(
                _target=<class 'torch.optim.adam.Adam'>,
                lr=0.01,
                eps=1e-15,
                max_norm=None,
                weight_decay=0
            ),
            'scheduler': ExponentialDecaySchedulerConfig(
                _target=<class 'nerfstudio.engine.schedulers.ExponentialDecayScheduler'>,
                lr_pre_warmup=1e-08,
                lr_final=0.0001,
                warmup_steps=0,
                max_steps=200000,
                ramp='cosine'
            )
        },
        'camera_opt': {
            'optimizer': AdamOptimizerConfig(
                _target=<class 'torch.optim.adam.Adam'>,
                lr=0.001,
                eps=1e-15,
                max_norm=None,
                weight_decay=0
            ),
            'scheduler': ExponentialDecaySchedulerConfig(
                _target=<class 'nerfstudio.engine.schedulers.ExponentialDecayScheduler'>,
                lr_pre_warmup=1e-08,
                lr_final=0.0001,
                warmup_steps=0,
                max_steps=5000,
                ramp='cosine'
            )
        }
    },
    vis='viewer',
    data=PosixPath('ns-data-drone'),
    prompt=None,
    relative_model_dir=PosixPath('nerfstudio_models'),
    load_scheduler=True,
    steps_per_save=2000,
    steps_per_eval_batch=500,
    steps_per_eval_image=500,
    steps_per_eval_all_images=25000,
    max_num_iterations=30000,
    mixed_precision=True,
    use_grad_scaler=False,
    save_only_latest_checkpoint=True,
    load_dir=None,
    load_step=None,
    load_config=None,
    load_checkpoint=None,
    log_gradients=False,
    gradient_accumulation_steps={},
    start_paused=False
)
────────────────────────────────────────────────────────────────────────────────────────────────────────────────────────
           Saving config to:                                                                    experiment_config.py:136
           outputs/paraguas-vicentelopez-drone-nerfacto/nerfacto/2026-06-20_221540/config.yml                           
           Saving checkpoints to:                                                                         trainer.py:142
           outputs/paraguas-vicentelopez-drone-nerfacto/nerfacto/2026-06-20_221540/nerfstudio_models                    
           Auto image downscale factor of 4                                                 nerfstudio_dataparser.py:484
Started threads
Setting up evaluation dataset...
Caching all 70 images.

Loading data batch ━━━━━━━━━━━━━━━━━━━━━━━━━━━━━━━╸          80% 0:00:02
Process DataProcessor-1:
Traceback (most recent call last):
  File "/usr/local/lib/python3.10/dist-packages/multiprocess/process.py", line 314, in _bootstrap
    self.run()
  File "/usr/local/lib/python3.10/dist-packages/nerfstudio/data/datamanagers/parallel_datamanager.py", line 100, in run
    self.cache_images()
  File "/usr/local/lib/python3.10/dist-packages/nerfstudio/data/datamanagers/parallel_datamanager.py", line 128, in cache_images
    batch_list.append(res.result())
  File "/usr/lib/python3.10/concurrent/futures/_base.py", line 451, in result
    return self.__get_result()
  File "/usr/lib/python3.10/concurrent/futures/_base.py", line 403, in __get_result
    raise self._exception
  File "/usr/lib/python3.10/concurrent/futures/thread.py", line 58, in run
    result = self.fn(*self.args, **self.kwargs)
  File "/usr/local/lib/python3.10/dist-packages/nerfstudio/data/datasets/base_dataset.py", line 152, in __getitem__
    data = self.get_data(image_idx)
  File "/usr/local/lib/python3.10/dist-packages/nerfstudio/data/datasets/base_dataset.py", line 121, in get_data
    image = self.get_image_float32(image_idx)
  File "/usr/local/lib/python3.10/dist-packages/nerfstudio/data/datasets/base_dataset.py", line 88, in get_image_float32
    image = torch.from_numpy(self.get_numpy_image(image_idx).astype("float32") / 255.0)
  File "/usr/local/lib/python3.10/dist-packages/nerfstudio/data/datasets/base_dataset.py", line 74, in get_numpy_image
    image = np.array(pil_image, dtype="uint8")  # shape is (h, w) or (h, w, 3 or 4)
  File "/usr/local/lib/python3.10/dist-packages/PIL/Image.py", line 756, in __array_interface__
    new["data"] = self.tobytes()
  File "/usr/local/lib/python3.10/dist-packages/PIL/Image.py", line 805, in tobytes
    self.load()
  File "/usr/local/lib/python3.10/dist-packages/PIL/ImageFile.py", line 280, in load
    s = read(self.decodermaxblock)
  File "/usr/local/lib/python3.10/dist-packages/PIL/JpegImagePlugin.py", line 404, in load_read
    s = self.fp.read(read_bytes)
OSError: [Errno 12] Cannot allocate memory
╭─────────────── viser ───────────────╮
│             ╷                       │
│   HTTP      │ http://0.0.0.0:7007   │
│   Websocket │ ws://0.0.0.0:7007     │
│             ╵                       │
╰─────────────────────────────────────╯
[NOTE] Not running eval iterations since only viewer is enabled.
Use --vis {wandb, tensorboard, viewer+wandb, viewer+tensorboard} to run with eval.
No Nerfstudio checkpoint to load, so training from scratch.
Disabled comet/tensorboard/wandb event writers
(viser) Connection opened (0, 1 total), 346 persistent messages
