I0621 23:11:00.552093 29506 misc.cc:198] 
==============================================================================
Reading reconstruction
==============================================================================
I0621 23:11:10.478544 29506 image.cc:342] => Reconstruction with 707 images and 161708 points
I0621 23:11:10.479601 29507 misc.cc:198] 
==============================================================================
Image undistortion
==============================================================================
I0621 23:11:10.517452 29507 undistortion.cc:210] Undistorting image [1/707]
I0621 23:11:15.003640 29507 undistortion.cc:210] Undistorting image [2/707]
I0621 23:11:15.132658 29507 undistortion.cc:210] Undistorting image [3/707]
I0621 23:11:15.147161 29507 undistortion.cc:210] Undistorting image [4/707]
I0621 23:11:15.147230 29507 undistortion.cc:210] Undistorting image [5/707]
I0621 23:11:15.147235 29507 undistortion.cc:210] Undistorting image [6/707]
I0621 23:11:15.147238 29507 undistortion.cc:210] Undistorting image [7/707]
I0621 23:11:15.147293 29507 undistortion.cc:210] Undistorting image [8/707]
I0621 23:11:15.147300 29507 undistortion.cc:210] Undistorting image [9/707]
I0621 23:11:15.147305 29507 undistortion.cc:210] Undistorting image [10/707]
I0621 23:11:15.147308 29507 undistortion.cc:210] Undistorting image [11/707]
I0621 23:11:15.147311 29507 undistortion.cc:210] Undistorting image [12/707]
I0621 23:11:15.147315 29507 undistortion.cc:210] Undistorting image [13/707]
I0621 23:11:15.147320 29507 undistortion.cc:210] Undistorting image [14/707]
I0621 23:11:15.147324 29507 undistortion.cc:210] Undistorting image [15/707]
I0621 23:11:15.147329 29507 undistortion.cc:210] Undistorting image [16/707]
I0621 23:11:15.147332 29507 undistortion.cc:210] Undistorting image [17/707]
I0621 23:11:18.434973 29507 undistortion.cc:210] Undistorting image [18/707]
I0621 23:11:18.435051 29507 undistortion.cc:210] Undistorting image [19/707]
I0621 23:11:18.466922 29507 undistortion.cc:210] Undistorting image [20/707]
I0621 23:11:18.466984 29507 undistortion.cc:210] Undistorting image [21/707]
I0621 23:11:18.466995 29507 undistortion.cc:210] Undistorting image [22/707]
I0621 23:11:18.466997 29507 undistortion.cc:210] Undistorting image [23/707]
I0621 23:11:18.776119 29507 undistortion.cc:210] Undistorting image [24/707]
I0621 23:11:19.137444 29507 undistortion.cc:210] Undistorting image [25/707]
I0621 23:11:19.137511 29507 undistortion.cc:210] Undistorting image [26/707]
I0621 23:11:19.259820 29507 undistortion.cc:210] Undistorting image [27/707]
I0621 23:11:19.259938 29507 undistortion.cc:210] Undistorting image [28/707]
I0621 23:11:19.259948 29507 undistortion.cc:210] Undistorting image [29/707]
I0621 23:11:19.259951 29507 undistortion.cc:210] Undistorting image [30/707]
I0621 23:11:19.259956 29507 undistortion.cc:210] Undistorting image [31/707]
I0621 23:11:19.259960 29507 undistortion.cc:210] Undistorting image [32/707]
I0621 23:11:19.259963 29507 undistortion.cc:210] Undistorting image [33/707]
I0621 23:11:21.921456 29507 undistortion.cc:210] Undistorting image [34/707]
I0621 23:11:22.162708 29507 undistortion.cc:210] Undistorting image [35/707]
I0621 23:11:22.499884 29507 undistortion.cc:210] Undistorting image [36/707]
I0621 23:11:22.499953 29507 undistortion.cc:210] Undistorting image [37/707]
I0621 23:11:22.499962 29507 undistortion.cc:210] Undistorting image [38/707]
I0621 23:11:22.911834 29507 undistortion.cc:210] Undistorting image [39/707]
I0621 23:11:22.911912 29507 undistortion.cc:210] Undistorting image [40/707]
I0621 23:11:22.965128 29507 undistortion.cc:210] Undistorting image [41/707]
I0621 23:11:23.036041 29507 undistortion.cc:210] Undistorting image [42/707]
I0621 23:11:23.226498 29507 undistortion.cc:210] Undistorting image [43/707]
I0621 23:11:23.226579 29507 undistortion.cc:210] Undistorting image [44/707]
I0621 23:11:23.226588 29507 undistortion.cc:210] Undistorting image [45/707]
I0621 23:11:23.226593 29507 undistortion.cc:210] Undistorting image [46/707]
I0621 23:11:23.278492 29507 undistortion.cc:210] Undistorting image [47/707]
I0621 23:11:23.278565 29507 undistortion.cc:210] Undistorting image [48/707]
I0621 23:11:23.278575 29507 undistortion.cc:210] Undistorting image [49/707]
I0621 23:11:24.956650 29507 undistortion.cc:210] Undistorting image [50/707]
I0621 23:11:25.637332 29507 undistortion.cc:210] Undistorting image [51/707]
I0621 23:11:25.637406 29507 undistortion.cc:210] Undistorting image [52/707]
I0621 23:11:25.919485 29507 undistortion.cc:210] Undistorting image [53/707]
I0621 23:11:26.998371 29507 undistortion.cc:210] Undistorting image [54/707]
I0621 23:11:27.032990 29507 undistortion.cc:210] Undistorting image [55/707]
I0621 23:11:27.033059 29507 undistortion.cc:210] Undistorting image [56/707]
I0621 23:11:27.182749 29507 undistortion.cc:210] Undistorting image [57/707]
I0621 23:11:27.718626 29507 undistortion.cc:210] Undistorting image [58/707]
I0621 23:11:27.718704 29507 undistortion.cc:210] Undistorting image [59/707]
I0621 23:11:27.718714 29507 undistortion.cc:210] Undistorting image [60/707]
I0621 23:11:27.718719 29507 undistortion.cc:210] Undistorting image [61/707]
I0621 23:11:27.718722 29507 undistortion.cc:210] Undistorting image [62/707]
I0621 23:11:27.718726 29507 undistortion.cc:210] Undistorting image [63/707]
I0621 23:11:27.718730 29507 undistortion.cc:210] Undistorting image [64/707]
I0621 23:11:27.718734 29507 undistortion.cc:210] Undistorting image [65/707]
I0621 23:11:28.500847 29507 undistortion.cc:210] Undistorting image [66/707]
I0621 23:11:29.196064 29507 undistortion.cc:210] Undistorting image [67/707]
I0621 23:11:29.196128 29507 undistortion.cc:210] Undistorting image [68/707]
I0621 23:11:29.912688 29507 undistortion.cc:210] Undistorting image [69/707]
I0621 23:11:31.624181 29507 undistortion.cc:210] Undistorting image [70/707]
I0621 23:11:31.624382 29507 undistortion.cc:210] Undistorting image [71/707]
I0621 23:11:31.624390 29507 undistortion.cc:210] Undistorting image [72/707]
I0621 23:11:31.773109 29507 undistortion.cc:210] Undistorting image [73/707]
I0621 23:11:32.006920 29507 undistortion.cc:210] Undistorting image [74/707]
I0621 23:11:32.075456 29507 undistortion.cc:210] Undistorting image [75/707]
I0621 23:11:32.075614 29507 undistortion.cc:210] Undistorting image [76/707]
I0621 23:11:32.304432 29507 undistortion.cc:210] Undistorting image [77/707]
I0621 23:11:32.346256 29507 undistortion.cc:210] Undistorting image [78/707]
I0621 23:11:32.416677 29507 undistortion.cc:210] Undistorting image [79/707]
I0621 23:11:32.416713 29507 undistortion.cc:210] Undistorting image [80/707]
I0621 23:11:32.416718 29507 undistortion.cc:210] Undistorting image [81/707]
I0621 23:11:33.076640 29507 undistortion.cc:210] Undistorting image [82/707]
I0621 23:11:33.076678 29507 undistortion.cc:210] Undistorting image [83/707]
I0621 23:11:33.178025 29507 undistortion.cc:210] Undistorting image [84/707]
I0621 23:11:33.553802 29507 undistortion.cc:210] Undistorting image [85/707]
I0621 23:11:35.200827 29507 undistortion.cc:210] Undistorting image [86/707]
I0621 23:11:35.718967 29507 undistortion.cc:210] Undistorting image [87/707]
I0621 23:11:35.719043 29507 undistortion.cc:210] Undistorting image [88/707]
I0621 23:11:35.719053 29507 undistortion.cc:210] Undistorting image [89/707]
I0621 23:11:36.250769 29507 undistortion.cc:210] Undistorting image [90/707]
I0621 23:11:36.415827 29507 undistortion.cc:210] Undistorting image [91/707]
I0621 23:11:36.490345 29507 undistortion.cc:210] Undistorting image [92/707]
I0621 23:11:36.490408 29507 undistortion.cc:210] Undistorting image [93/707]
I0621 23:11:36.844236 29507 undistortion.cc:210] Undistorting image [94/707]
I0621 23:11:36.908572 29507 undistortion.cc:210] Undistorting image [95/707]
I0621 23:11:36.908638 29507 undistortion.cc:210] Undistorting image [96/707]
I0621 23:11:36.908646 29507 undistortion.cc:210] Undistorting image [97/707]
I0621 23:11:36.971886 29507 undistortion.cc:210] Undistorting image [98/707]
I0621 23:11:36.971952 29507 undistortion.cc:210] Undistorting image [99/707]
I0621 23:11:36.971961 29507 undistortion.cc:210] Undistorting image [100/707]
I0621 23:11:37.130236 29507 undistortion.cc:210] Undistorting image [101/707]
I0621 23:11:38.241052 29507 undistortion.cc:210] Undistorting image [102/707]
I0621 23:11:38.504582 29507 undistortion.cc:210] Undistorting image [103/707]
I0621 23:11:38.681782 29507 undistortion.cc:210] Undistorting image [104/707]
I0621 23:11:38.825274 29507 undistortion.cc:210] Undistorting image [105/707]
I0621 23:11:39.762811 29507 undistortion.cc:210] Undistorting image [106/707]
I0621 23:11:40.248759 29507 undistortion.cc:210] Undistorting image [107/707]
I0621 23:11:40.248813 29507 undistortion.cc:210] Undistorting image [108/707]
I0621 23:11:40.590992 29507 undistortion.cc:210] Undistorting image [109/707]
I0621 23:11:40.599067 29507 undistortion.cc:210] Undistorting image [110/707]
I0621 23:11:40.830186 29507 undistortion.cc:210] Undistorting image [111/707]
I0621 23:11:40.830271 29507 undistortion.cc:210] Undistorting image [112/707]
I0621 23:11:40.853189 29507 undistortion.cc:210] Undistorting image [113/707]
I0621 23:11:40.968098 29507 undistortion.cc:210] Undistorting image [114/707]
I0621 23:11:40.968159 29507 undistortion.cc:210] Undistorting image [115/707]
I0621 23:11:40.968168 29507 undistortion.cc:210] Undistorting image [116/707]
I0621 23:11:40.968173 29507 undistortion.cc:210] Undistorting image [117/707]
I0621 23:11:41.459568 29507 undistortion.cc:210] Undistorting image [118/707]
I0621 23:11:41.596268 29507 undistortion.cc:210] Undistorting image [119/707]
I0621 23:11:41.896587 29507 undistortion.cc:210] Undistorting image [120/707]
I0621 23:11:41.896642 29507 undistortion.cc:210] Undistorting image [121/707]
I0621 23:11:42.625491 29507 undistortion.cc:210] Undistorting image [122/707]
I0621 23:11:43.547197 29507 undistortion.cc:210] Undistorting image [123/707]
I0621 23:11:43.896186 29507 undistortion.cc:210] Undistorting image [124/707]
I0621 23:11:44.542840 29507 undistortion.cc:210] Undistorting image [125/707]
I0621 23:11:44.542905 29507 undistortion.cc:210] Undistorting image [126/707]
I0621 23:11:44.542915 29507 undistortion.cc:210] Undistorting image [127/707]
I0621 23:11:44.709096 29507 undistortion.cc:210] Undistorting image [128/707]
I0621 23:11:44.709182 29507 undistortion.cc:210] Undistorting image [129/707]
I0621 23:11:44.864683 29507 undistortion.cc:210] Undistorting image [130/707]
I0621 23:11:44.894114 29507 undistortion.cc:210] Undistorting image [131/707]
I0621 23:11:44.894191 29507 undistortion.cc:210] Undistorting image [132/707]
I0621 23:11:44.894201 29507 undistortion.cc:210] Undistorting image [133/707]
I0621 23:11:45.312568 29507 undistortion.cc:210] Undistorting image [134/707]
I0621 23:11:45.494333 29507 undistortion.cc:210] Undistorting image [135/707]
I0621 23:11:45.494371 29507 undistortion.cc:210] Undistorting image [136/707]
I0621 23:11:45.494377 29507 undistortion.cc:210] Undistorting image [137/707]
I0621 23:11:45.914624 29507 undistortion.cc:210] Undistorting image [138/707]
I0621 23:11:46.427034 29507 undistortion.cc:210] Undistorting image [139/707]
I0621 23:11:47.084452 29507 undistortion.cc:210] Undistorting image [140/707]
I0621 23:11:48.161553 29507 undistortion.cc:210] Undistorting image [141/707]
I0621 23:11:48.304728 29507 undistortion.cc:210] Undistorting image [142/707]
I0621 23:11:48.872773 29507 undistortion.cc:210] Undistorting image [143/707]
I0621 23:11:49.078635 29507 undistortion.cc:210] Undistorting image [144/707]
I0621 23:11:49.078701 29507 undistortion.cc:210] Undistorting image [145/707]
I0621 23:11:49.078708 29507 undistortion.cc:210] Undistorting image [146/707]
I0621 23:11:49.078712 29507 undistortion.cc:210] Undistorting image [147/707]
I0621 23:11:49.078717 29507 undistortion.cc:210] Undistorting image [148/707]
I0621 23:11:49.078722 29507 undistortion.cc:210] Undistorting image [149/707]
I0621 23:11:49.180152 29507 undistortion.cc:210] Undistorting image [150/707]
I0621 23:11:49.252666 29507 undistortion.cc:210] Undistorting image [151/707]
I0621 23:11:49.307278 29507 undistortion.cc:210] Undistorting image [152/707]
I0621 23:11:49.366577 29507 undistortion.cc:210] Undistorting image [153/707]
I0621 23:11:49.636329 29507 undistortion.cc:210] Undistorting image [154/707]
I0621 23:11:49.743820 29507 undistortion.cc:210] Undistorting image [155/707]
I0621 23:11:50.075518 29507 undistortion.cc:210] Undistorting image [156/707]
I0621 23:11:51.622706 29507 undistortion.cc:210] Undistorting image [157/707]
I0621 23:11:51.632115 29507 undistortion.cc:210] Undistorting image [158/707]
I0621 23:11:52.443915 29507 undistortion.cc:210] Undistorting image [159/707]
I0621 23:11:52.722896 29507 undistortion.cc:210] Undistorting image [160/707]
I0621 23:11:52.730574 29507 undistortion.cc:210] Undistorting image [161/707]
I0621 23:11:53.087831 29507 undistortion.cc:210] Undistorting image [162/707]
I0621 23:11:53.338533 29507 undistortion.cc:210] Undistorting image [163/707]
I0621 23:11:53.338610 29507 undistortion.cc:210] Undistorting image [164/707]
I0621 23:11:53.338620 29507 undistortion.cc:210] Undistorting image [165/707]
I0621 23:11:53.349272 29507 undistortion.cc:210] Undistorting image [166/707]
I0621 23:11:53.419116 29507 undistortion.cc:210] Undistorting image [167/707]
I0621 23:11:53.536890 29507 undistortion.cc:210] Undistorting image [168/707]
I0621 23:11:53.599812 29507 undistortion.cc:210] Undistorting image [169/707]
I0621 23:11:53.713667 29507 undistortion.cc:210] Undistorting image [170/707]
I0621 23:11:53.713757 29507 undistortion.cc:210] Undistorting image [171/707]
I0621 23:11:53.920871 29507 undistortion.cc:210] Undistorting image [172/707]
I0621 23:11:54.935254 29507 undistortion.cc:210] Undistorting image [173/707]
I0621 23:11:54.935374 29507 undistortion.cc:210] Undistorting image [174/707]
I0621 23:11:56.231746 29507 undistortion.cc:210] Undistorting image [175/707]
I0621 23:11:56.583355 29507 undistortion.cc:210] Undistorting image [176/707]
I0621 23:11:56.583407 29507 undistortion.cc:210] Undistorting image [177/707]
I0621 23:11:57.071677 29507 undistortion.cc:210] Undistorting image [178/707]
I0621 23:11:57.220549 29507 undistortion.cc:210] Undistorting image [179/707]
I0621 23:11:57.277083 29507 undistortion.cc:210] Undistorting image [180/707]
I0621 23:11:57.611871 29507 undistortion.cc:210] Undistorting image [181/707]
I0621 23:11:57.723855 29507 undistortion.cc:210] Undistorting image [182/707]
I0621 23:11:57.743947 29507 undistortion.cc:210] Undistorting image [183/707]
I0621 23:11:57.793322 29507 undistortion.cc:210] Undistorting image [184/707]
I0621 23:11:57.851631 29507 undistortion.cc:210] Undistorting image [185/707]
I0621 23:11:57.851707 29507 undistortion.cc:210] Undistorting image [186/707]
I0621 23:11:57.851717 29507 undistortion.cc:210] Undistorting image [187/707]
I0621 23:11:57.992988 29507 undistortion.cc:210] Undistorting image [188/707]
I0621 23:11:58.421406 29507 undistortion.cc:210] Undistorting image [189/707]
I0621 23:11:58.421450 29507 undistortion.cc:210] Undistorting image [190/707]
I0621 23:11:59.486192 29507 undistortion.cc:210] Undistorting image [191/707]
I0621 23:11:59.805537 29507 undistortion.cc:210] Undistorting image [192/707]
I0621 23:11:59.870821 29507 undistortion.cc:210] Undistorting image [193/707]
I0621 23:12:01.125736 29507 undistortion.cc:210] Undistorting image [194/707]
I0621 23:12:01.506245 29507 undistortion.cc:210] Undistorting image [195/707]
I0621 23:12:01.515618 29507 undistortion.cc:210] Undistorting image [196/707]
I0621 23:12:01.631553 29507 undistortion.cc:210] Undistorting image [197/707]
I0621 23:12:02.136607 29507 undistortion.cc:210] Undistorting image [198/707]
I0621 23:12:02.136652 29507 undistortion.cc:210] Undistorting image [199/707]
I0621 23:12:02.167084 29507 undistortion.cc:210] Undistorting image [200/707]
I0621 23:12:02.168953 29507 undistortion.cc:210] Undistorting image [201/707]
I0621 23:12:02.176496 29507 undistortion.cc:210] Undistorting image [202/707]
I0621 23:12:02.327739 29507 undistortion.cc:210] Undistorting image [203/707]
I0621 23:12:02.327800 29507 undistortion.cc:210] Undistorting image [204/707]
I0621 23:12:02.536366 29507 undistortion.cc:210] Undistorting image [205/707]
I0621 23:12:02.579219 29507 undistortion.cc:210] Undistorting image [206/707]
I0621 23:12:03.023366 29507 undistortion.cc:210] Undistorting image [207/707]
I0621 23:12:03.180850 29507 undistortion.cc:210] Undistorting image [208/707]
I0621 23:12:03.287778 29507 undistortion.cc:210] Undistorting image [209/707]
I0621 23:12:04.431275 29507 undistortion.cc:210] Undistorting image [210/707]
I0621 23:12:05.477726 29507 undistortion.cc:210] Undistorting image [211/707]
I0621 23:12:05.477799 29507 undistortion.cc:210] Undistorting image [212/707]
I0621 23:12:05.722874 29507 undistortion.cc:210] Undistorting image [213/707]
I0621 23:12:06.449244 29507 undistortion.cc:210] Undistorting image [214/707]
I0621 23:12:06.471614 29507 undistortion.cc:210] Undistorting image [215/707]
I0621 23:12:06.471678 29507 undistortion.cc:210] Undistorting image [216/707]
I0621 23:12:06.471686 29507 undistortion.cc:210] Undistorting image [217/707]
I0621 23:12:06.471694 29507 undistortion.cc:210] Undistorting image [218/707]
I0621 23:12:06.471698 29507 undistortion.cc:210] Undistorting image [219/707]
I0621 23:12:06.471701 29507 undistortion.cc:210] Undistorting image [220/707]
I0621 23:12:06.495644 29507 undistortion.cc:210] Undistorting image [221/707]
I0621 23:12:06.572729 29507 undistortion.cc:210] Undistorting image [222/707]
I0621 23:12:06.776129 29507 undistortion.cc:210] Undistorting image [223/707]
I0621 23:12:06.831053 29507 undistortion.cc:210] Undistorting image [224/707]
I0621 23:12:06.831094 29507 undistortion.cc:210] Undistorting image [225/707]
I0621 23:12:07.373359 29507 undistortion.cc:210] Undistorting image [226/707]
I0621 23:12:08.788964 29507 undistortion.cc:210] Undistorting image [227/707]
I0621 23:12:08.798226 29507 undistortion.cc:210] Undistorting image [228/707]
I0621 23:12:09.146914 29507 undistortion.cc:210] Undistorting image [229/707]
I0621 23:12:10.357895 29507 undistortion.cc:210] Undistorting image [230/707]
I0621 23:12:10.524296 29507 undistortion.cc:210] Undistorting image [231/707]
I0621 23:12:10.580432 29507 undistortion.cc:210] Undistorting image [232/707]
I0621 23:12:10.580549 29507 undistortion.cc:210] Undistorting image [233/707]
I0621 23:12:10.580560 29507 undistortion.cc:210] Undistorting image [234/707]
I0621 23:12:10.580590 29507 undistortion.cc:210] Undistorting image [235/707]
I0621 23:12:10.619246 29507 undistortion.cc:210] Undistorting image [236/707]
I0621 23:12:10.619338 29507 undistortion.cc:210] Undistorting image [237/707]
I0621 23:12:10.717984 29507 undistortion.cc:210] Undistorting image [238/707]
I0621 23:12:10.832499 29507 undistortion.cc:210] Undistorting image [239/707]
I0621 23:12:10.988920 29507 undistortion.cc:210] Undistorting image [240/707]
I0621 23:12:10.988998 29507 undistortion.cc:210] Undistorting image [241/707]
I0621 23:12:11.080506 29507 undistortion.cc:210] Undistorting image [242/707]
I0621 23:12:11.762869 29507 undistortion.cc:210] Undistorting image [243/707]
I0621 23:12:11.981454 29507 undistortion.cc:210] Undistorting image [244/707]
I0621 23:12:12.169037 29507 undistortion.cc:210] Undistorting image [245/707]
I0621 23:12:14.309782 29507 undistortion.cc:210] Undistorting image [246/707]
I0621 23:12:14.500098 29507 undistortion.cc:210] Undistorting image [247/707]
I0621 23:12:14.681434 29507 undistortion.cc:210] Undistorting image [248/707]
I0621 23:12:14.681500 29507 undistortion.cc:210] Undistorting image [249/707]
I0621 23:12:14.681509 29507 undistortion.cc:210] Undistorting image [250/707]
I0621 23:12:14.681512 29507 undistortion.cc:210] Undistorting image [251/707]
I0621 23:12:14.681516 29507 undistortion.cc:210] Undistorting image [252/707]
I0621 23:12:14.683179 29507 undistortion.cc:210] Undistorting image [253/707]
I0621 23:12:14.756289 29507 undistortion.cc:210] Undistorting image [254/707]
I0621 23:12:14.831077 29507 undistortion.cc:210] Undistorting image [255/707]
I0621 23:12:15.070791 29507 undistortion.cc:210] Undistorting image [256/707]
I0621 23:12:15.075273 29507 undistortion.cc:210] Undistorting image [257/707]
I0621 23:12:15.137831 29507 undistortion.cc:210] Undistorting image [258/707]
I0621 23:12:15.381352 29507 undistortion.cc:210] Undistorting image [259/707]
I0621 23:12:15.476238 29507 undistortion.cc:210] Undistorting image [260/707]
I0621 23:12:15.515515 29507 undistortion.cc:210] Undistorting image [261/707]
I0621 23:12:18.184695 29507 undistortion.cc:210] Undistorting image [262/707]
I0621 23:12:18.346138 29507 undistortion.cc:210] Undistorting image [263/707]
I0621 23:12:18.878432 29507 undistortion.cc:210] Undistorting image [264/707]
I0621 23:12:18.878505 29507 undistortion.cc:210] Undistorting image [265/707]
I0621 23:12:19.286209 29507 undistortion.cc:210] Undistorting image [266/707]
I0621 23:12:19.286252 29507 undistortion.cc:210] Undistorting image [267/707]
I0621 23:12:19.286262 29507 undistortion.cc:210] Undistorting image [268/707]
I0621 23:12:19.286293 29507 undistortion.cc:210] Undistorting image [269/707]
I0621 23:12:19.286302 29507 undistortion.cc:210] Undistorting image [270/707]
I0621 23:12:19.357831 29507 undistortion.cc:210] Undistorting image [271/707]
I0621 23:12:19.414567 29507 undistortion.cc:210] Undistorting image [272/707]
I0621 23:12:19.463411 29507 undistortion.cc:210] Undistorting image [273/707]
I0621 23:12:19.610735 29507 undistortion.cc:210] Undistorting image [274/707]
I0621 23:12:19.657784 29507 undistortion.cc:210] Undistorting image [275/707]
I0621 23:12:19.657845 29507 undistortion.cc:210] Undistorting image [276/707]
I0621 23:12:19.657857 29507 undistortion.cc:210] Undistorting image [277/707]
I0621 23:12:21.772591 29507 undistortion.cc:210] Undistorting image [278/707]
I0621 23:12:21.977200 29507 undistortion.cc:210] Undistorting image [279/707]
I0621 23:12:22.589238 29507 undistortion.cc:210] Undistorting image [280/707]
I0621 23:12:22.635993 29507 undistortion.cc:210] Undistorting image [281/707]
I0621 23:12:23.109436 29507 undistortion.cc:210] Undistorting image [282/707]
I0621 23:12:23.109505 29507 undistortion.cc:210] Undistorting image [283/707]
I0621 23:12:23.485756 29507 undistortion.cc:210] Undistorting image [284/707]
I0621 23:12:23.668398 29507 undistortion.cc:210] Undistorting image [285/707]
I0621 23:12:23.668540 29507 undistortion.cc:210] Undistorting image [286/707]
I0621 23:12:23.668574 29507 undistortion.cc:210] Undistorting image [287/707]
I0621 23:12:23.878721 29507 undistortion.cc:210] Undistorting image [288/707]
I0621 23:12:23.878793 29507 undistortion.cc:210] Undistorting image [289/707]
I0621 23:12:23.878803 29507 undistortion.cc:210] Undistorting image [290/707]
I0621 23:12:23.878806 29507 undistortion.cc:210] Undistorting image [291/707]
I0621 23:12:23.878810 29507 undistortion.cc:210] Undistorting image [292/707]
I0621 23:12:23.878814 29507 undistortion.cc:210] Undistorting image [293/707]
I0621 23:12:24.663913 29507 undistortion.cc:210] Undistorting image [294/707]
I0621 23:12:25.073539 29507 undistortion.cc:210] Undistorting image [295/707]
I0621 23:12:25.913622 29507 undistortion.cc:210] Undistorting image [296/707]
I0621 23:12:25.913666 29507 undistortion.cc:210] Undistorting image [297/707]
I0621 23:12:27.235239 29507 undistortion.cc:210] Undistorting image [298/707]
I0621 23:12:27.235313 29507 undistortion.cc:210] Undistorting image [299/707]
I0621 23:12:27.434394 29507 undistortion.cc:210] Undistorting image [300/707]
I0621 23:12:27.896569 29507 undistortion.cc:210] Undistorting image [301/707]
I0621 23:12:27.896634 29507 undistortion.cc:210] Undistorting image [302/707]
I0621 23:12:27.896643 29507 undistortion.cc:210] Undistorting image [303/707]
I0621 23:12:28.239113 29507 undistortion.cc:210] Undistorting image [304/707]
I0621 23:12:28.393081 29507 undistortion.cc:210] Undistorting image [305/707]
I0621 23:12:28.393186 29507 undistortion.cc:210] Undistorting image [306/707]
I0621 23:12:28.393198 29507 undistortion.cc:210] Undistorting image [307/707]
I0621 23:12:28.393203 29507 undistortion.cc:210] Undistorting image [308/707]
I0621 23:12:28.393208 29507 undistortion.cc:210] Undistorting image [309/707]
I0621 23:12:28.482754 29507 undistortion.cc:210] Undistorting image [310/707]
I0621 23:12:28.599731 29507 undistortion.cc:210] Undistorting image [311/707]
I0621 23:12:29.084872 29507 undistortion.cc:210] Undistorting image [312/707]
I0621 23:12:29.316928 29507 undistortion.cc:210] Undistorting image [313/707]
I0621 23:12:30.583564 29507 undistortion.cc:210] Undistorting image [314/707]
I0621 23:12:30.656155 29507 undistortion.cc:210] Undistorting image [315/707]
I0621 23:12:31.844252 29507 undistortion.cc:210] Undistorting image [316/707]
I0621 23:12:31.844321 29507 undistortion.cc:210] Undistorting image [317/707]
I0621 23:12:32.167002 29507 undistortion.cc:210] Undistorting image [318/707]
I0621 23:12:32.167078 29507 undistortion.cc:210] Undistorting image [319/707]
I0621 23:12:32.167086 29507 undistortion.cc:210] Undistorting image [320/707]
I0621 23:12:32.167091 29507 undistortion.cc:210] Undistorting image [321/707]
I0621 23:12:32.672231 29507 undistortion.cc:210] Undistorting image [322/707]
I0621 23:12:32.672312 29507 undistortion.cc:210] Undistorting image [323/707]
I0621 23:12:32.672323 29507 undistortion.cc:210] Undistorting image [324/707]
I0621 23:12:32.672331 29507 undistortion.cc:210] Undistorting image [325/707]
I0621 23:12:32.719619 29507 undistortion.cc:210] Undistorting image [326/707]
I0621 23:12:32.724951 29507 undistortion.cc:210] Undistorting image [327/707]
I0621 23:12:33.024663 29507 undistortion.cc:210] Undistorting image [328/707]
I0621 23:12:33.029626 29507 undistortion.cc:210] Undistorting image [329/707]
I0621 23:12:33.573721 29507 undistortion.cc:210] Undistorting image [330/707]
I0621 23:12:33.630389 29507 undistortion.cc:210] Undistorting image [331/707]
I0621 23:12:34.598767 29507 undistortion.cc:210] Undistorting image [332/707]
I0621 23:12:35.606189 29507 undistortion.cc:210] Undistorting image [333/707]
I0621 23:12:35.606266 29507 undistortion.cc:210] Undistorting image [334/707]
I0621 23:12:35.606276 29507 undistortion.cc:210] Undistorting image [335/707]
I0621 23:12:35.890815 29507 undistortion.cc:210] Undistorting image [336/707]
I0621 23:12:36.502324 29507 undistortion.cc:210] Undistorting image [337/707]
I0621 23:12:36.502395 29507 undistortion.cc:210] Undistorting image [338/707]
I0621 23:12:36.502404 29507 undistortion.cc:210] Undistorting image [339/707]
I0621 23:12:36.732146 29507 undistortion.cc:210] Undistorting image [340/707]
I0621 23:12:36.962235 29507 undistortion.cc:210] Undistorting image [341/707]
I0621 23:12:36.962306 29507 undistortion.cc:210] Undistorting image [342/707]
I0621 23:12:36.962316 29507 undistortion.cc:210] Undistorting image [343/707]
I0621 23:12:36.973594 29507 undistortion.cc:210] Undistorting image [344/707]
I0621 23:12:37.162971 29507 undistortion.cc:210] Undistorting image [345/707]
I0621 23:12:37.384595 29507 undistortion.cc:210] Undistorting image [346/707]
I0621 23:12:37.509392 29507 undistortion.cc:210] Undistorting image [347/707]
I0621 23:12:38.042425 29507 undistortion.cc:210] Undistorting image [348/707]
I0621 23:12:39.212339 29507 undistortion.cc:210] Undistorting image [349/707]
I0621 23:12:39.212430 29507 undistortion.cc:210] Undistorting image [350/707]
I0621 23:12:39.351411 29507 undistortion.cc:210] Undistorting image [351/707]
I0621 23:12:40.017462 29507 undistortion.cc:210] Undistorting image [352/707]
I0621 23:12:40.880481 29507 undistortion.cc:210] Undistorting image [353/707]
I0621 23:12:40.880574 29507 undistortion.cc:210] Undistorting image [354/707]
I0621 23:12:40.880606 29507 undistortion.cc:210] Undistorting image [355/707]
I0621 23:12:40.880616 29507 undistortion.cc:210] Undistorting image [356/707]
I0621 23:12:41.148279 29507 undistortion.cc:210] Undistorting image [357/707]
I0621 23:12:41.290737 29507 undistortion.cc:210] Undistorting image [358/707]
I0621 23:12:41.368942 29507 undistortion.cc:210] Undistorting image [359/707]
I0621 23:12:41.369017 29507 undistortion.cc:210] Undistorting image [360/707]
I0621 23:12:41.495632 29507 undistortion.cc:210] Undistorting image [361/707]
I0621 23:12:41.626533 29507 undistortion.cc:210] Undistorting image [362/707]
I0621 23:12:41.668627 29507 undistortion.cc:210] Undistorting image [363/707]
I0621 23:12:42.068806 29507 undistortion.cc:210] Undistorting image [364/707]
I0621 23:12:42.802819 29507 undistortion.cc:210] Undistorting image [365/707]
I0621 23:12:42.802857 29507 undistortion.cc:210] Undistorting image [366/707]
I0621 23:12:42.802862 29507 undistortion.cc:210] Undistorting image [367/707]
I0621 23:12:43.496817 29507 undistortion.cc:210] Undistorting image [368/707]
I0621 23:12:44.015354 29507 undistortion.cc:210] Undistorting image [369/707]
I0621 23:12:44.478682 29507 undistortion.cc:210] Undistorting image [370/707]
I0621 23:12:44.846817 29507 undistortion.cc:210] Undistorting image [371/707]
I0621 23:12:44.910245 29507 undistortion.cc:210] Undistorting image [372/707]
I0621 23:12:45.261021 29507 undistortion.cc:210] Undistorting image [373/707]
I0621 23:12:45.605918 29507 undistortion.cc:210] Undistorting image [374/707]
I0621 23:12:45.605978 29507 undistortion.cc:210] Undistorting image [375/707]
I0621 23:12:45.726676 29507 undistortion.cc:210] Undistorting image [376/707]
I0621 23:12:45.726758 29507 undistortion.cc:210] Undistorting image [377/707]
I0621 23:12:45.779470 29507 undistortion.cc:210] Undistorting image [378/707]
I0621 23:12:45.959009 29507 undistortion.cc:210] Undistorting image [379/707]
I0621 23:12:46.244656 29507 undistortion.cc:210] Undistorting image [380/707]
I0621 23:12:46.546840 29507 undistortion.cc:210] Undistorting image [381/707]
I0621 23:12:46.750123 29507 undistortion.cc:210] Undistorting image [382/707]
I0621 23:12:46.750164 29507 undistortion.cc:210] Undistorting image [383/707]
I0621 23:12:46.935403 29507 undistortion.cc:210] Undistorting image [384/707]
I0621 23:12:47.756524 29507 undistortion.cc:210] Undistorting image [385/707]
I0621 23:12:48.343662 29507 undistortion.cc:210] Undistorting image [386/707]
I0621 23:12:48.716995 29507 undistortion.cc:210] Undistorting image [387/707]
I0621 23:12:48.956528 29507 undistortion.cc:210] Undistorting image [388/707]
I0621 23:12:49.393440 29507 undistortion.cc:210] Undistorting image [389/707]
I0621 23:12:49.544656 29507 undistortion.cc:210] Undistorting image [390/707]
I0621 23:12:50.074379 29507 undistortion.cc:210] Undistorting image [391/707]
I0621 23:12:50.074460 29507 undistortion.cc:210] Undistorting image [392/707]
I0621 23:12:50.074470 29507 undistortion.cc:210] Undistorting image [393/707]
I0621 23:12:50.335043 29507 undistortion.cc:210] Undistorting image [394/707]
I0621 23:12:50.335111 29507 undistortion.cc:210] Undistorting image [395/707]
I0621 23:12:50.335120 29507 undistortion.cc:210] Undistorting image [396/707]
I0621 23:12:50.335125 29507 undistortion.cc:210] Undistorting image [397/707]
I0621 23:12:50.469918 29507 undistortion.cc:210] Undistorting image [398/707]
I0621 23:12:50.594772 29507 undistortion.cc:210] Undistorting image [399/707]
I0621 23:12:50.710011 29507 undistortion.cc:210] Undistorting image [400/707]
I0621 23:12:51.441445 29507 undistortion.cc:210] Undistorting image [401/707]
I0621 23:12:51.811550 29507 undistortion.cc:210] Undistorting image [402/707]
I0621 23:12:52.320127 29507 undistortion.cc:210] Undistorting image [403/707]
I0621 23:12:52.422684 29507 undistortion.cc:210] Undistorting image [404/707]
I0621 23:12:53.270212 29507 undistortion.cc:210] Undistorting image [405/707]
I0621 23:12:53.543176 29507 undistortion.cc:210] Undistorting image [406/707]
I0621 23:12:54.174340 29507 undistortion.cc:210] Undistorting image [407/707]
I0621 23:12:54.174403 29507 undistortion.cc:210] Undistorting image [408/707]
I0621 23:12:54.495707 29507 undistortion.cc:210] Undistorting image [409/707]
I0621 23:12:54.495805 29507 undistortion.cc:210] Undistorting image [410/707]
I0621 23:12:54.495815 29507 undistortion.cc:210] Undistorting image [411/707]
I0621 23:12:54.727272 29507 undistortion.cc:210] Undistorting image [412/707]
I0621 23:12:54.727355 29507 undistortion.cc:210] Undistorting image [413/707]
I0621 23:12:54.727365 29507 undistortion.cc:210] Undistorting image [414/707]
I0621 23:12:54.734335 29507 undistortion.cc:210] Undistorting image [415/707]
I0621 23:12:54.862696 29507 undistortion.cc:210] Undistorting image [416/707]
I0621 23:12:55.369748 29507 undistortion.cc:210] Undistorting image [417/707]
I0621 23:12:55.461365 29507 undistortion.cc:210] Undistorting image [418/707]
I0621 23:12:55.990453 29507 undistortion.cc:210] Undistorting image [419/707]
I0621 23:12:55.990761 29507 undistortion.cc:210] Undistorting image [420/707]
I0621 23:12:56.725284 29507 undistortion.cc:210] Undistorting image [421/707]
I0621 23:12:57.369445 29507 undistortion.cc:210] Undistorting image [422/707]
I0621 23:12:58.003692 29507 undistortion.cc:210] Undistorting image [423/707]
I0621 23:12:58.130410 29507 undistortion.cc:210] Undistorting image [424/707]
I0621 23:12:58.822187 29507 undistortion.cc:210] Undistorting image [425/707]
I0621 23:12:58.902433 29507 undistortion.cc:210] Undistorting image [426/707]
I0621 23:12:59.088035 29507 undistortion.cc:210] Undistorting image [427/707]
I0621 23:12:59.127720 29507 undistortion.cc:210] Undistorting image [428/707]
I0621 23:12:59.127797 29507 undistortion.cc:210] Undistorting image [429/707]
I0621 23:12:59.127805 29507 undistortion.cc:210] Undistorting image [430/707]
I0621 23:12:59.262460 29507 undistortion.cc:210] Undistorting image [431/707]
I0621 23:12:59.333645 29507 undistortion.cc:210] Undistorting image [432/707]
I0621 23:12:59.715138 29507 undistortion.cc:210] Undistorting image [433/707]
I0621 23:12:59.715201 29507 undistortion.cc:210] Undistorting image [434/707]
I0621 23:12:59.770673 29507 undistortion.cc:210] Undistorting image [435/707]
I0621 23:13:00.045178 29507 undistortion.cc:210] Undistorting image [436/707]
I0621 23:13:00.483872 29507 undistortion.cc:210] Undistorting image [437/707]
I0621 23:13:00.958649 29507 undistortion.cc:210] Undistorting image [438/707]
I0621 23:13:01.603248 29507 undistortion.cc:210] Undistorting image [439/707]
I0621 23:13:01.762290 29507 undistortion.cc:210] Undistorting image [440/707]
I0621 23:13:02.990135 29507 undistortion.cc:210] Undistorting image [441/707]
I0621 23:13:03.278746 29507 undistortion.cc:210] Undistorting image [442/707]
I0621 23:13:03.311432 29507 undistortion.cc:210] Undistorting image [443/707]
I0621 23:13:03.412436 29507 undistortion.cc:210] Undistorting image [444/707]
I0621 23:13:03.429486 29507 undistortion.cc:210] Undistorting image [445/707]
I0621 23:13:03.429561 29507 undistortion.cc:210] Undistorting image [446/707]
I0621 23:13:03.429570 29507 undistortion.cc:210] Undistorting image [447/707]
I0621 23:13:03.429574 29507 undistortion.cc:210] Undistorting image [448/707]
I0621 23:13:03.976151 29507 undistortion.cc:210] Undistorting image [449/707]
I0621 23:13:03.988195 29507 undistortion.cc:210] Undistorting image [450/707]
I0621 23:13:04.427963 29507 undistortion.cc:210] Undistorting image [451/707]
I0621 23:13:04.482244 29507 undistortion.cc:210] Undistorting image [452/707]
I0621 23:13:04.677423 29507 undistortion.cc:210] Undistorting image [453/707]
I0621 23:13:04.677464 29507 undistortion.cc:210] Undistorting image [454/707]
I0621 23:13:05.033442 29507 undistortion.cc:210] Undistorting image [455/707]
I0621 23:13:05.081060 29507 undistortion.cc:210] Undistorting image [456/707]
I0621 23:13:06.965418 29507 undistortion.cc:210] Undistorting image [457/707]
I0621 23:13:07.153664 29507 undistortion.cc:210] Undistorting image [458/707]
I0621 23:13:07.210536 29507 undistortion.cc:210] Undistorting image [459/707]
I0621 23:13:07.698911 29507 undistortion.cc:210] Undistorting image [460/707]
I0621 23:13:07.913625 29507 undistortion.cc:210] Undistorting image [461/707]
I0621 23:13:07.925311 29507 undistortion.cc:210] Undistorting image [462/707]
I0621 23:13:07.925441 29507 undistortion.cc:210] Undistorting image [463/707]
I0621 23:13:07.925454 29507 undistortion.cc:210] Undistorting image [464/707]
I0621 23:13:08.432081 29507 undistortion.cc:210] Undistorting image [465/707]
I0621 23:13:08.456791 29507 undistortion.cc:210] Undistorting image [466/707]
I0621 23:13:08.665582 29507 undistortion.cc:210] Undistorting image [467/707]
I0621 23:13:08.731209 29507 undistortion.cc:210] Undistorting image [468/707]
I0621 23:13:08.884794 29507 undistortion.cc:210] Undistorting image [469/707]
I0621 23:13:08.934531 29507 undistortion.cc:210] Undistorting image [470/707]
I0621 23:13:09.127077 29507 undistortion.cc:210] Undistorting image [471/707]
I0621 23:13:09.127138 29507 undistortion.cc:210] Undistorting image [472/707]
I0621 23:13:10.607996 29507 undistortion.cc:210] Undistorting image [473/707]
I0621 23:13:10.776325 29507 undistortion.cc:210] Undistorting image [474/707]
I0621 23:13:10.960464 29507 undistortion.cc:210] Undistorting image [475/707]
I0621 23:13:11.806110 29507 undistortion.cc:210] Undistorting image [476/707]
I0621 23:13:12.158215 29507 undistortion.cc:210] Undistorting image [477/707]
I0621 23:13:12.158282 29507 undistortion.cc:210] Undistorting image [478/707]
I0621 23:13:12.158290 29507 undistortion.cc:210] Undistorting image [479/707]
I0621 23:13:12.226277 29507 undistortion.cc:210] Undistorting image [480/707]
I0621 23:13:13.211637 29507 undistortion.cc:210] Undistorting image [481/707]
I0621 23:13:13.211840 29507 undistortion.cc:210] Undistorting image [482/707]
I0621 23:13:13.211856 29507 undistortion.cc:210] Undistorting image [483/707]
I0621 23:13:13.226356 29507 undistortion.cc:210] Undistorting image [484/707]
I0621 23:13:13.226390 29507 undistortion.cc:210] Undistorting image [485/707]
I0621 23:13:13.226397 29507 undistortion.cc:210] Undistorting image [486/707]
I0621 23:13:13.371496 29507 undistortion.cc:210] Undistorting image [487/707]
I0621 23:13:13.433815 29507 undistortion.cc:210] Undistorting image [488/707]
I0621 23:13:14.463246 29507 undistortion.cc:210] Undistorting image [489/707]
I0621 23:13:14.482390 29507 undistortion.cc:210] Undistorting image [490/707]
I0621 23:13:14.676250 29507 undistortion.cc:210] Undistorting image [491/707]
I0621 23:13:16.285900 29507 undistortion.cc:210] Undistorting image [492/707]
I0621 23:13:16.475747 29507 undistortion.cc:210] Undistorting image [493/707]
I0621 23:13:16.475812 29507 undistortion.cc:210] Undistorting image [494/707]
I0621 23:13:16.999171 29507 undistortion.cc:210] Undistorting image [495/707]
I0621 23:13:17.039245 29507 undistortion.cc:210] Undistorting image [496/707]
I0621 23:13:17.657382 29507 undistortion.cc:210] Undistorting image [497/707]
I0621 23:13:17.941067 29507 undistortion.cc:210] Undistorting image [498/707]
I0621 23:13:17.941138 29507 undistortion.cc:210] Undistorting image [499/707]
I0621 23:13:18.175581 29507 undistortion.cc:210] Undistorting image [500/707]
I0621 23:13:18.403144 29507 undistortion.cc:210] Undistorting image [501/707]
I0621 23:13:18.403251 29507 undistortion.cc:210] Undistorting image [502/707]
I0621 23:13:18.403261 29507 undistortion.cc:210] Undistorting image [503/707]
I0621 23:13:18.442615 29507 undistortion.cc:210] Undistorting image [504/707]
I0621 23:13:19.159265 29507 undistortion.cc:210] Undistorting image [505/707]
I0621 23:13:19.159307 29507 undistortion.cc:210] Undistorting image [506/707]
I0621 23:13:19.246984 29507 undistortion.cc:210] Undistorting image [507/707]
I0621 23:13:20.795177 29507 undistortion.cc:210] Undistorting image [508/707]
I0621 23:13:20.795270 29507 undistortion.cc:210] Undistorting image [509/707]
I0621 23:13:20.839995 29507 undistortion.cc:210] Undistorting image [510/707]
I0621 23:13:21.691632 29507 undistortion.cc:210] Undistorting image [511/707]
I0621 23:13:21.695708 29507 undistortion.cc:210] Undistorting image [512/707]
I0621 23:13:23.056430 29507 undistortion.cc:210] Undistorting image [513/707]
I0621 23:13:23.232089 29507 undistortion.cc:210] Undistorting image [514/707]
I0621 23:13:23.232138 29507 undistortion.cc:210] Undistorting image [515/707]
I0621 23:13:23.232144 29507 undistortion.cc:210] Undistorting image [516/707]
I0621 23:13:23.232148 29507 undistortion.cc:210] Undistorting image [517/707]
I0621 23:13:23.232152 29507 undistortion.cc:210] Undistorting image [518/707]
I0621 23:13:23.232156 29507 undistortion.cc:210] Undistorting image [519/707]
I0621 23:13:23.232159 29507 undistortion.cc:210] Undistorting image [520/707]
I0621 23:13:23.281878 29507 undistortion.cc:210] Undistorting image [521/707]
I0621 23:13:23.303720 29507 undistortion.cc:210] Undistorting image [522/707]
I0621 23:13:23.317610 29507 undistortion.cc:210] Undistorting image [523/707]
I0621 23:13:24.877957 29507 undistortion.cc:210] Undistorting image [524/707]
I0621 23:13:24.944424 29507 undistortion.cc:210] Undistorting image [525/707]
I0621 23:13:25.055766 29507 undistortion.cc:210] Undistorting image [526/707]
I0621 23:13:26.310606 29507 undistortion.cc:210] Undistorting image [527/707]
I0621 23:13:26.310691 29507 undistortion.cc:210] Undistorting image [528/707]
I0621 23:13:27.605368 29507 undistortion.cc:210] Undistorting image [529/707]
I0621 23:13:27.780982 29507 undistortion.cc:210] Undistorting image [530/707]
I0621 23:13:28.001469 29507 undistortion.cc:210] Undistorting image [531/707]
I0621 23:13:28.044180 29507 undistortion.cc:210] Undistorting image [532/707]
I0621 23:13:28.044253 29507 undistortion.cc:210] Undistorting image [533/707]
I0621 23:13:28.156031 29507 undistortion.cc:210] Undistorting image [534/707]
I0621 23:13:28.156106 29507 undistortion.cc:210] Undistorting image [535/707]
I0621 23:13:28.348336 29507 undistortion.cc:210] Undistorting image [536/707]
I0621 23:13:28.382822 29507 undistortion.cc:210] Undistorting image [537/707]
I0621 23:13:28.382907 29507 undistortion.cc:210] Undistorting image [538/707]
I0621 23:13:28.510636 29507 undistortion.cc:210] Undistorting image [539/707]
I0621 23:13:29.160808 29507 undistortion.cc:210] Undistorting image [540/707]
I0621 23:13:29.160876 29507 undistortion.cc:210] Undistorting image [541/707]
I0621 23:13:29.160884 29507 undistortion.cc:210] Undistorting image [542/707]
I0621 23:13:29.640085 29507 undistortion.cc:210] Undistorting image [543/707]
I0621 23:13:29.733160 29507 undistortion.cc:210] Undistorting image [544/707]
I0621 23:13:31.684893 29507 undistortion.cc:210] Undistorting image [545/707]
I0621 23:13:31.936591 29507 undistortion.cc:210] Undistorting image [546/707]
I0621 23:13:32.720470 29507 undistortion.cc:210] Undistorting image [547/707]
I0621 23:13:32.720546 29507 undistortion.cc:210] Undistorting image [548/707]
I0621 23:13:32.812791 29507 undistortion.cc:210] Undistorting image [549/707]
I0621 23:13:32.812860 29507 undistortion.cc:210] Undistorting image [550/707]
I0621 23:13:32.879907 29507 undistortion.cc:210] Undistorting image [551/707]
I0621 23:13:32.992841 29507 undistortion.cc:210] Undistorting image [552/707]
I0621 23:13:32.993047 29507 undistortion.cc:210] Undistorting image [553/707]
I0621 23:13:33.168525 29507 undistortion.cc:210] Undistorting image [554/707]
I0621 23:13:33.198724 29507 undistortion.cc:210] Undistorting image [555/707]
I0621 23:13:33.565552 29507 undistortion.cc:210] Undistorting image [556/707]
I0621 23:13:33.565620 29507 undistortion.cc:210] Undistorting image [557/707]
I0621 23:13:33.565634 29507 undistortion.cc:210] Undistorting image [558/707]
I0621 23:13:33.707721 29507 undistortion.cc:210] Undistorting image [559/707]
I0621 23:13:33.759598 29507 undistortion.cc:210] Undistorting image [560/707]
I0621 23:13:35.016074 29507 undistortion.cc:210] Undistorting image [561/707]
I0621 23:13:35.203176 29507 undistortion.cc:210] Undistorting image [562/707]
I0621 23:13:36.867803 29507 undistortion.cc:210] Undistorting image [563/707]
I0621 23:13:36.867874 29507 undistortion.cc:210] Undistorting image [564/707]
I0621 23:13:37.079432 29507 undistortion.cc:210] Undistorting image [565/707]
I0621 23:13:37.079528 29507 undistortion.cc:210] Undistorting image [566/707]
I0621 23:13:37.429040 29507 undistortion.cc:210] Undistorting image [567/707]
I0621 23:13:37.695325 29507 undistortion.cc:210] Undistorting image [568/707]
I0621 23:13:37.697948 29507 undistortion.cc:210] Undistorting image [569/707]
I0621 23:13:37.821305 29507 undistortion.cc:210] Undistorting image [570/707]
I0621 23:13:37.821383 29507 undistortion.cc:210] Undistorting image [571/707]
I0621 23:13:38.220674 29507 undistortion.cc:210] Undistorting image [572/707]
I0621 23:13:38.220762 29507 undistortion.cc:210] Undistorting image [573/707]
I0621 23:13:38.261675 29507 undistortion.cc:210] Undistorting image [574/707]
I0621 23:13:38.320600 29507 undistortion.cc:210] Undistorting image [575/707]
I0621 23:13:38.320820 29507 undistortion.cc:210] Undistorting image [576/707]
I0621 23:13:38.857801 29507 undistortion.cc:210] Undistorting image [577/707]
I0621 23:13:39.268219 29507 undistortion.cc:210] Undistorting image [578/707]
I0621 23:13:41.439028 29507 undistortion.cc:210] Undistorting image [579/707]
I0621 23:13:41.477826 29507 undistortion.cc:210] Undistorting image [580/707]
I0621 23:13:41.798239 29507 undistortion.cc:210] Undistorting image [581/707]
I0621 23:13:41.810350 29507 undistortion.cc:210] Undistorting image [582/707]
I0621 23:13:42.245437 29507 undistortion.cc:210] Undistorting image [583/707]
I0621 23:13:42.940575 29507 undistortion.cc:210] Undistorting image [584/707]
I0621 23:13:42.940653 29507 undistortion.cc:210] Undistorting image [585/707]
I0621 23:13:42.940665 29507 undistortion.cc:210] Undistorting image [586/707]
I0621 23:13:42.940668 29507 undistortion.cc:210] Undistorting image [587/707]
I0621 23:13:43.446457 29507 undistortion.cc:210] Undistorting image [588/707]
I0621 23:13:43.531169 29507 undistortion.cc:210] Undistorting image [589/707]
I0621 23:13:43.558992 29507 undistortion.cc:210] Undistorting image [590/707]
I0621 23:13:43.623886 29507 undistortion.cc:210] Undistorting image [591/707]
I0621 23:13:43.624006 29507 undistortion.cc:210] Undistorting image [592/707]
I0621 23:13:43.836591 29507 undistortion.cc:210] Undistorting image [593/707]
I0621 23:13:44.106686 29507 undistortion.cc:210] Undistorting image [594/707]
I0621 23:13:45.368400 29507 undistortion.cc:210] Undistorting image [595/707]
I0621 23:13:45.368448 29507 undistortion.cc:210] Undistorting image [596/707]
I0621 23:13:45.877892 29507 undistortion.cc:210] Undistorting image [597/707]
I0621 23:13:45.878047 29507 undistortion.cc:210] Undistorting image [598/707]
I0621 23:13:46.152463 29507 undistortion.cc:210] Undistorting image [599/707]
I0621 23:13:47.112882 29507 undistortion.cc:210] Undistorting image [600/707]
I0621 23:13:47.112952 29507 undistortion.cc:210] Undistorting image [601/707]
I0621 23:13:47.172534 29507 undistortion.cc:210] Undistorting image [602/707]
I0621 23:13:47.410193 29507 undistortion.cc:210] Undistorting image [603/707]
I0621 23:13:48.086151 29507 undistortion.cc:210] Undistorting image [604/707]
I0621 23:13:48.399755 29507 undistortion.cc:210] Undistorting image [605/707]
I0621 23:13:48.399894 29507 undistortion.cc:210] Undistorting image [606/707]
I0621 23:13:48.399907 29507 undistortion.cc:210] Undistorting image [607/707]
I0621 23:13:48.399993 29507 undistortion.cc:210] Undistorting image [608/707]
I0621 23:13:48.446753 29507 undistortion.cc:210] Undistorting image [609/707]
I0621 23:13:48.579139 29507 undistortion.cc:210] Undistorting image [610/707]
I0621 23:13:49.212170 29507 undistortion.cc:210] Undistorting image [611/707]
I0621 23:13:49.503551 29507 undistortion.cc:210] Undistorting image [612/707]
I0621 23:13:50.035274 29507 undistortion.cc:210] Undistorting image [613/707]
I0621 23:13:50.035354 29507 undistortion.cc:210] Undistorting image [614/707]
I0621 23:13:50.465215 29507 undistortion.cc:210] Undistorting image [615/707]
I0621 23:13:51.111969 29507 undistortion.cc:210] Undistorting image [616/707]
I0621 23:13:51.454983 29507 undistortion.cc:210] Undistorting image [617/707]
I0621 23:13:51.493769 29507 undistortion.cc:210] Undistorting image [618/707]
I0621 23:13:51.627683 29507 undistortion.cc:210] Undistorting image [619/707]
I0621 23:13:52.540437 29507 undistortion.cc:210] Undistorting image [620/707]
I0621 23:13:52.662825 29507 undistortion.cc:210] Undistorting image [621/707]
I0621 23:13:52.662920 29507 undistortion.cc:210] Undistorting image [622/707]
I0621 23:13:52.961963 29507 undistortion.cc:210] Undistorting image [623/707]
I0621 23:13:53.190605 29507 undistortion.cc:210] Undistorting image [624/707]
I0621 23:13:53.191181 29507 undistortion.cc:210] Undistorting image [625/707]
I0621 23:13:53.191373 29507 undistortion.cc:210] Undistorting image [626/707]
I0621 23:13:53.878955 29507 undistortion.cc:210] Undistorting image [627/707]
I0621 23:13:53.950225 29507 undistortion.cc:210] Undistorting image [628/707]
I0621 23:13:54.225323 29507 undistortion.cc:210] Undistorting image [629/707]
I0621 23:13:54.498945 29507 undistortion.cc:210] Undistorting image [630/707]
I0621 23:13:54.682991 29507 undistortion.cc:210] Undistorting image [631/707]
I0621 23:13:55.503603 29507 undistortion.cc:210] Undistorting image [632/707]
I0621 23:13:55.645426 29507 undistortion.cc:210] Undistorting image [633/707]
I0621 23:13:55.645519 29507 undistortion.cc:210] Undistorting image [634/707]
I0621 23:13:56.048303 29507 undistortion.cc:210] Undistorting image [635/707]
I0621 23:13:57.195528 29507 undistortion.cc:210] Undistorting image [636/707]
I0621 23:13:57.273662 29507 undistortion.cc:210] Undistorting image [637/707]
I0621 23:13:57.750922 29507 undistortion.cc:210] Undistorting image [638/707]
I0621 23:13:58.406008 29507 undistortion.cc:210] Undistorting image [639/707]
I0621 23:13:58.504387 29507 undistortion.cc:210] Undistorting image [640/707]
I0621 23:13:58.504426 29507 undistortion.cc:210] Undistorting image [641/707]
I0621 23:13:58.562678 29507 undistortion.cc:210] Undistorting image [642/707]
I0621 23:13:58.562793 29507 undistortion.cc:210] Undistorting image [643/707]
I0621 23:13:59.010437 29507 undistortion.cc:210] Undistorting image [644/707]
I0621 23:13:59.761593 29507 undistortion.cc:210] Undistorting image [645/707]
I0621 23:14:00.248677 29507 undistortion.cc:210] Undistorting image [646/707]
I0621 23:14:00.248788 29507 undistortion.cc:210] Undistorting image [647/707]
I0621 23:14:01.279109 29507 undistortion.cc:210] Undistorting image [648/707]
I0621 23:14:01.279183 29507 undistortion.cc:210] Undistorting image [649/707]
I0621 23:14:01.279192 29507 undistortion.cc:210] Undistorting image [650/707]
I0621 23:14:01.279197 29507 undistortion.cc:210] Undistorting image [651/707]
I0621 23:14:02.216480 29507 undistortion.cc:210] Undistorting image [652/707]
I0621 23:14:02.216552 29507 undistortion.cc:210] Undistorting image [653/707]
I0621 23:14:02.222704 29507 undistortion.cc:210] Undistorting image [654/707]
I0621 23:14:03.726888 29507 undistortion.cc:210] Undistorting image [655/707]
I0621 23:14:03.726974 29507 undistortion.cc:210] Undistorting image [656/707]
I0621 23:14:03.914175 29507 undistortion.cc:210] Undistorting image [657/707]
I0621 23:14:03.914258 29507 undistortion.cc:210] Undistorting image [658/707]
I0621 23:14:03.914266 29507 undistortion.cc:210] Undistorting image [659/707]
I0621 23:14:03.914270 29507 undistortion.cc:210] Undistorting image [660/707]
I0621 23:14:04.473047 29507 undistortion.cc:210] Undistorting image [661/707]
I0621 23:14:04.624274 29507 undistortion.cc:210] Undistorting image [662/707]
I0621 23:14:05.058066 29507 undistortion.cc:210] Undistorting image [663/707]
I0621 23:14:05.753465 29507 undistortion.cc:210] Undistorting image [664/707]
I0621 23:14:05.795714 29507 undistortion.cc:210] Undistorting image [665/707]
I0621 23:14:05.795789 29507 undistortion.cc:210] Undistorting image [666/707]
I0621 23:14:05.810593 29507 undistortion.cc:210] Undistorting image [667/707]
I0621 23:14:06.504956 29507 undistortion.cc:210] Undistorting image [668/707]
I0621 23:14:06.729604 29507 undistortion.cc:210] Undistorting image [669/707]
I0621 23:14:06.729660 29507 undistortion.cc:210] Undistorting image [670/707]
I0621 23:14:08.113940 29507 undistortion.cc:210] Undistorting image [671/707]
I0621 23:14:08.201992 29507 undistortion.cc:210] Undistorting image [672/707]
I0621 23:14:08.448297 29507 undistortion.cc:210] Undistorting image [673/707]
I0621 23:14:08.448410 29507 undistortion.cc:210] Undistorting image [674/707]
I0621 23:14:08.448419 29507 undistortion.cc:210] Undistorting image [675/707]
I0621 23:14:08.653710 29507 undistortion.cc:210] Undistorting image [676/707]
I0621 23:14:09.298976 29507 undistortion.cc:210] Undistorting image [677/707]
I0621 23:14:09.469724 29507 undistortion.cc:210] Undistorting image [678/707]
I0621 23:14:09.745748 29507 undistortion.cc:210] Undistorting image [679/707]
I0621 23:14:10.543996 29507 undistortion.cc:210] Undistorting image [680/707]
I0621 23:14:10.873332 29507 undistortion.cc:210] Undistorting image [681/707]
I0621 23:14:10.937157 29507 undistortion.cc:210] Undistorting image [682/707]
I0621 23:14:10.937212 29507 undistortion.cc:210] Undistorting image [683/707]
I0621 23:14:11.516409 29507 undistortion.cc:210] Undistorting image [684/707]
I0621 23:14:11.702232 29507 undistortion.cc:210] Undistorting image [685/707]
I0621 23:14:11.702271 29507 undistortion.cc:210] Undistorting image [686/707]
I0621 23:14:12.926798 29507 undistortion.cc:210] Undistorting image [687/707]
I0621 23:14:12.926868 29507 undistortion.cc:210] Undistorting image [688/707]
I0621 23:14:12.926878 29507 undistortion.cc:210] Undistorting image [689/707]
I0621 23:14:13.031669 29507 undistortion.cc:210] Undistorting image [690/707]
I0621 23:14:13.197559 29507 undistortion.cc:210] Undistorting image [691/707]
I0621 23:14:13.326954 29507 undistortion.cc:210] Undistorting image [692/707]
I0621 23:14:13.728219 29507 undistortion.cc:210] Undistorting image [693/707]
I0621 23:14:13.777976 29507 undistortion.cc:210] Undistorting image [694/707]
I0621 23:14:13.883817 29507 undistortion.cc:210] Undistorting image [695/707]
I0621 23:14:14.481961 29507 undistortion.cc:210] Undistorting image [696/707]
I0621 23:14:14.749594 29507 undistortion.cc:210] Undistorting image [697/707]
I0621 23:14:14.749639 29507 undistortion.cc:210] Undistorting image [698/707]
I0621 23:14:14.842548 29507 undistortion.cc:210] Undistorting image [699/707]
I0621 23:14:15.345166 29507 undistortion.cc:210] Undistorting image [700/707]
I0621 23:14:15.407267 29507 undistortion.cc:210] Undistorting image [701/707]
I0621 23:14:15.407336 29507 undistortion.cc:210] Undistorting image [702/707]
I0621 23:14:16.055783 29507 undistortion.cc:210] Undistorting image [703/707]
I0621 23:14:16.155910 29507 undistortion.cc:210] Undistorting image [704/707]
I0621 23:14:16.288884 29507 undistortion.cc:210] Undistorting image [705/707]
I0621 23:14:16.416782 29507 undistortion.cc:210] Undistorting image [706/707]
I0621 23:14:16.416844 29507 undistortion.cc:210] Undistorting image [707/707]
I0621 23:14:16.480180 29507 undistortion.cc:223] Writing reconstruction...
I0621 23:14:35.745194 29507 undistortion.cc:228] Writing configuration...
I0621 23:14:37.051067 29507 undistortion.cc:232] Writing scripts...
I0621 23:14:37.083379 29507 timer.cc:91] Elapsed time: 3.443 [minutes]

real	3m37.400s
user	28m34.708s
sys	2m39.289s
