[00:41:05] Using --data alias for --data.pipeline.datamanager.data                                          train.py:230
──────────────────────────────────────────────────────── Config ────────────────────────────────────────────────────────
TrainerConfig(
    _target=<class 'nerfstudio.engine.trainer.Trainer'>,
    output_dir=PosixPath('/workspace/outputs-djionly-splat'),
    method_name='splatfacto',
    experiment_name='panteon-asociacion-catalana-dji-splatfacto-full',
    project_name='nerfstudio-project',
    timestamp='2026-08-24_004105',
    machine=MachineConfig(seed=42, num_devices=1, num_machines=1, machine_rank=0, dist_url='auto', device_type='cuda'),
    logging=LoggingConfig(
        relative_log_dir=PosixPath('.'),
        steps_per_log=10,
        max_buffer_size=20,
        local_writer=LocalWriterConfig(
            _target=<class 'nerfstudio.utils.writer.LocalWriter'>,
            enable=True,
            stats_to_track=(
                <EventName.ITER_TRAIN_TIME: 'Train Iter (time)'>,
                <EventName.TRAIN_RAYS_PER_SEC: 'Train Rays / Sec'>,
                <EventName.CURR_TEST_PSNR: 'Test PSNR'>,
                <EventName.VIS_RAYS_PER_SEC: 'Vis Rays / Sec'>,
                <EventName.TEST_RAYS_PER_SEC: 'Test Rays / Sec'>,
                <EventName.ETA: 'ETA (time)'>
            ),
            max_log_size=10
        ),
        profiler='basic'
    ),
    viewer=ViewerConfig(
        relative_log_filename='viewer_log_filename.txt',
        websocket_port=None,
        websocket_port_default=7007,
        websocket_host='0.0.0.0',
        num_rays_per_chunk=32768,
        max_num_display_images=512,
        quit_on_train_completion=False,
        image_format='jpeg',
        jpeg_quality=75,
        make_share_url=False,
        camera_frustum_scale=0.1,
        default_composite_depth=True
    ),
    pipeline=VanillaPipelineConfig(
        _target=<class 'nerfstudio.pipelines.base_pipeline.VanillaPipeline'>,
        datamanager=FullImageDatamanagerConfig(
            _target=<class 'nerfstudio.data.datamanagers.full_images_datamanager.FullImageDatamanager'>,
            data=PosixPath('/workspace/sfm-djionly/colmap-nerfstudio'),
            masks_on_gpu=False,
            images_on_gpu=False,
            dataparser=NerfstudioDataParserConfig(
                _target=<class 'nerfstudio.data.dataparsers.nerfstudio_dataparser.Nerfstudio'>,
                data=PosixPath('.'),
                scale_factor=1.0,
                downscale_factor=None,
                scene_scale=1.0,
                orientation_method='up',
                center_method='poses',
                auto_scale_poses=True,
                eval_mode='fraction',
                train_split_fraction=0.9,
                eval_interval=8,
                depth_unit_scale_factor=0.001,
                mask_color=None,
                load_3D_points=True
            ),
            camera_res_scale_factor=1.0,
            eval_num_images_to_sample_from=-1,
            eval_num_times_to_repeat_images=-1,
            eval_image_indices=(0,),
            cache_images='cpu',
            cache_images_type='uint8',
            max_thread_workers=1,
            train_cameras_sampling_strategy='random',
            train_cameras_sampling_seed=42,
            fps_reset_every=100
        ),
        model=SplatfactoModelConfig(
            _target=<class 'nerfstudio.models.splatfacto.SplatfactoModel'>,
            enable_collider=True,
            collider_params={'near_plane': 2.0, 'far_plane': 6.0},
            loss_coefficients={'rgb_loss_coarse': 1.0, 'rgb_loss_fine': 1.0},
            eval_num_rays_per_chunk=4096,
            prompt=None,
            warmup_length=500,
            refine_every=100,
            resolution_schedule=3000,
            background_color='random',
            num_downscales=2,
            cull_alpha_thresh=0.1,
            cull_scale_thresh=0.5,
            reset_alpha_every=30,
            densify_grad_thresh=0.0008,
            use_absgrad=True,
            densify_size_thresh=0.01,
            n_split_samples=2,
            sh_degree_interval=1000,
            cull_screen_size=0.15,
            split_screen_size=0.05,
            stop_screen_size_at=4000,
            random_init=False,
            num_random=50000,
            random_scale=10.0,
            ssim_lambda=0.2,
            stop_split_at=15000,
            sh_degree=3,
            use_scale_regularization=False,
            max_gauss_ratio=10.0,
            output_depth_during_training=False,
            rasterize_mode='classic',
            camera_optimizer=CameraOptimizerConfig(
                _target=<class 'nerfstudio.cameras.camera_optimizers.CameraOptimizer'>,
                mode='off',
                trans_l2_penalty=0.01,
                rot_l2_penalty=0.001,
                optimizer=None,
                scheduler=None
            ),
            use_bilateral_grid=False,
            grid_shape=(16, 16, 8),
            color_corrected_metrics=False
        )
    ),
    optimizers={
        'means': {
            'optimizer': AdamOptimizerConfig(
                _target=<class 'torch.optim.adam.Adam'>,
                lr=0.00016,
                eps=1e-15,
                max_norm=None,
                weight_decay=0
            ),
            'scheduler': ExponentialDecaySchedulerConfig(
                _target=<class 'nerfstudio.engine.schedulers.ExponentialDecayScheduler'>,
                lr_pre_warmup=1e-08,
                lr_final=1.6e-06,
                warmup_steps=0,
                max_steps=30000,
                ramp='cosine'
            )
        },
        'features_dc': {
            'optimizer': AdamOptimizerConfig(
                _target=<class 'torch.optim.adam.Adam'>,
                lr=0.0025,
                eps=1e-15,
                max_norm=None,
                weight_decay=0
            ),
            'scheduler': None
        },
        'features_rest': {
            'optimizer': AdamOptimizerConfig(
                _target=<class 'torch.optim.adam.Adam'>,
                lr=0.000125,
                eps=1e-15,
                max_norm=None,
                weight_decay=0
            ),
            'scheduler': None
        },
        'opacities': {
            'optimizer': AdamOptimizerConfig(
                _target=<class 'torch.optim.adam.Adam'>,
                lr=0.05,
                eps=1e-15,
                max_norm=None,
                weight_decay=0
            ),
            'scheduler': None
        },
        'scales': {
            'optimizer': AdamOptimizerConfig(
                _target=<class 'torch.optim.adam.Adam'>,
                lr=0.005,
                eps=1e-15,
                max_norm=None,
                weight_decay=0
            ),
            'scheduler': None
        },
        'quats': {
            'optimizer': AdamOptimizerConfig(
                _target=<class 'torch.optim.adam.Adam'>,
                lr=0.001,
                eps=1e-15,
                max_norm=None,
                weight_decay=0
            ),
            'scheduler': None
        },
        'camera_opt': {
            'optimizer': AdamOptimizerConfig(
                _target=<class 'torch.optim.adam.Adam'>,
                lr=0.0001,
                eps=1e-15,
                max_norm=None,
                weight_decay=0
            ),
            'scheduler': ExponentialDecaySchedulerConfig(
                _target=<class 'nerfstudio.engine.schedulers.ExponentialDecayScheduler'>,
                lr_pre_warmup=0,
                lr_final=5e-07,
                warmup_steps=1000,
                max_steps=30000,
                ramp='cosine'
            )
        },
        'bilateral_grid': {
            'optimizer': AdamOptimizerConfig(
                _target=<class 'torch.optim.adam.Adam'>,
                lr=0.002,
                eps=1e-15,
                max_norm=None,
                weight_decay=0
            ),
            'scheduler': ExponentialDecaySchedulerConfig(
                _target=<class 'nerfstudio.engine.schedulers.ExponentialDecayScheduler'>,
                lr_pre_warmup=0,
                lr_final=0.0001,
                warmup_steps=1000,
                max_steps=30000,
                ramp='cosine'
            )
        }
    },
    vis='viewer',
    data=PosixPath('/workspace/sfm-djionly/colmap-nerfstudio'),
    prompt=None,
    relative_model_dir=PosixPath('nerfstudio_models'),
    load_scheduler=True,
    steps_per_save=2000,
    steps_per_eval_batch=0,
    steps_per_eval_image=100,
    steps_per_eval_all_images=1000,
    max_num_iterations=30000,
    mixed_precision=False,
    use_grad_scaler=False,
    save_only_latest_checkpoint=True,
    load_dir=None,
    load_step=None,
    load_config=None,
    load_checkpoint=None,
    log_gradients=False,
    gradient_accumulation_steps={},
    start_paused=False
)
────────────────────────────────────────────────────────────────────────────────────────────────────────────────────────
           Saving config to:                                                                    experiment_config.py:136
           /workspace/outputs-djionly-splat/panteon-asociacion-catalana-dji-splatfacto-full/spl                         
           atfacto/2026-08-24_004105/config.yml                                                                         
           Saving checkpoints to:                                                                         trainer.py:142
           /workspace/outputs-djionly-splat/panteon-asociacion-catalana-dji-splatfacto-full/splatfacto/20               
           26-08-24_004105/nerfstudio_models                                                                            
           Auto image downscale factor of 4                                                 nerfstudio_dataparser.py:484
╭─────────────── viser ───────────────╮
│             ╷                       │
│   HTTP      │ http://0.0.0.0:7007   │
│   Websocket │ ws://0.0.0.0:7007     │
│             ╵                       │
╰─────────────────────────────────────╯
[00:41:18] Caching / undistorting eval images                                             full_images_datamanager.py:230

[NOTE] Not running eval iterations since only viewer is enabled.
Use --vis {wandb, tensorboard, viewer+wandb, viewer+tensorboard} to run with eval.
No Nerfstudio checkpoint to load, so training from scratch.
Disabled comet/tensorboard/wandb event writers
[00:41:34] Caching / undistorting train images                                            full_images_datamanager.py:230

