ffmpeg version 4.4.2-0ubuntu0.22.04.1 Copyright (c) 2000-2021 the FFmpeg developers
  built with gcc 11 (Ubuntu 11.2.0-19ubuntu1)
  configuration: --prefix=/usr --extra-version=0ubuntu0.22.04.1 --toolchain=hardened --libdir=/usr/lib/x86_64-linux-gnu --incdir=/usr/include/x86_64-linux-gnu --arch=amd64 --enable-gpl --disable-stripping --enable-gnutls --enable-ladspa --enable-libaom --enable-libass --enable-libbluray --enable-libbs2b --enable-libcaca --enable-libcdio --enable-libcodec2 --enable-libdav1d --enable-libflite --enable-libfontconfig --enable-libfreetype --enable-libfribidi --enable-libgme --enable-libgsm --enable-libjack --enable-libmp3lame --enable-libmysofa --enable-libopenjpeg --enable-libopenmpt --enable-libopus --enable-libpulse --enable-librabbitmq --enable-librubberband --enable-libshine --enable-libsnappy --enable-libsoxr --enable-libspeex --enable-libsrt --enable-libssh --enable-libtheora --enable-libtwolame --enable-libvidstab --enable-libvorbis --enable-libvpx --enable-libwebp --enable-libx265 --enable-libxml2 --enable-libxvid --enable-libzimg --enable-libzmq --enable-libzvbi --enable-lv2 --enable-omx --enable-openal --enable-opencl --enable-opengl --enable-sdl2 --enable-pocketsphinx --enable-librsvg --enable-libmfx --enable-libdc1394 --enable-libdrm --enable-libiec61883 --enable-chromaprint --enable-frei0r --enable-libx264 --enable-shared
  libavutil      56. 70.100 / 56. 70.100
  libavcodec     58.134.100 / 58.134.100
  libavformat    58. 76.100 / 58. 76.100
  libavdevice    58. 13.100 / 58. 13.100
  libavfilter     7.110.100 /  7.110.100
  libswscale      5.  9.100 /  5.  9.100
  libswresample   3.  9.100 /  3.  9.100
  libpostproc    55.  9.100 / 55.  9.100
Input #0, image2, from '/workspace/renders/panteon-catalana-dji-splatfacto-dataset-traj/train/rgb/*.jpg':
  Duration: 00:00:29.40, start: 0.000000, bitrate: N/A
  Stream #0:0: Video: mjpeg (Baseline), yuvj420p(pc, bt470bg/unknown/unknown), 960x540 [SAR 1:1 DAR 16:9], 15 fps, 15 tbr, 15 tbn, 15 tbc
Stream mapping:
  Stream #0:0 -> #0:0 (mjpeg (native) -> h264 (libx264))
Press [q] to stop, [?] for help
[swscaler @ 0x60d0644ebfc0] deprecated pixel format used, make sure you did set range correctly
[libx264 @ 0x60d06440a540] using SAR=1/1
[libx264 @ 0x60d06440a540] using cpu capabilities: MMX2 SSE2Fast SSSE3 SSE4.2 AVX FMA3 BMI2 AVX2
[libx264 @ 0x60d06440a540] profile High, level 3.1, 4:2:0, 8-bit
[libx264 @ 0x60d06440a540] 264 - core 163 r3060 5db6aa6 - H.264/MPEG-4 AVC codec - Copyleft 2003-2021 - http://www.videolan.org/x264.html - options: cabac=1 ref=3 deblock=1:0:0 analyse=0x3:0x113 me=hex subme=7 psy=1 psy_rd=1.00:0.00 mixed_ref=1 me_range=16 chroma_me=1 trellis=1 8x8dct=1 cqm=0 deadzone=21,11 fast_pskip=1 chroma_qp_offset=-2 threads=17 lookahead_threads=2 sliced_threads=0 nr=0 decimate=1 interlaced=0 bluray_compat=0 constrained_intra=0 bframes=3 b_pyramid=2 b_adapt=1 b_bias=0 direct=1 weightb=1 open_gop=0 weightp=2 keyint=250 keyint_min=15 scenecut=40 intra_refresh=0 rc_lookahead=40 rc=crf mbtree=1 crf=23.0 qcomp=0.60 qpmin=0 qpmax=69 qpstep=4 ip_ratio=1.40 aq=1:1.00
Output #0, mp4, to '/workspace/videos/panteon-catalana-dji-splatfacto-dataset-traj.mp4':
  Metadata:
    encoder         : Lavf58.76.100
  Stream #0:0: Video: h264 (avc1 / 0x31637661), yuv420p(tv, bt470bg/unknown/unknown, progressive), 960x540 [SAR 1:1 DAR 16:9], q=2-31, 15 fps, 15360 tbn
    Metadata:
      encoder         : Lavc58.134.100 libx264
    Side data:
      cpb: bitrate max/min/avg: 0/0/0 buffer size: 0 vbv_delay: N/A
frame=    1 fps=0.0 q=0.0 size=       0kB time=00:00:00.00 bitrate=N/A speed=N/A    frame=   47 fps=0.0 q=0.0 size=       0kB time=00:00:00.00 bitrate=N/A speed=   0x    frame=   83 fps= 82 q=27.0 size=       0kB time=00:00:01.26 bitrate=   0.3kbits/s speed=1.25x    frame=  121 fps= 80 q=27.0 size=     768kB time=00:00:03.80 bitrate=1655.7kbits/s speed= 2.5x    frame=  159 fps= 78 q=27.0 size=    1536kB time=00:00:06.33 bitrate=1986.8kbits/s speed=3.12x    frame=  197 fps= 78 q=27.0 size=    2048kB time=00:00:08.86 bitrate=1892.2kbits/s speed= 3.5x    frame=  227 fps= 74 q=27.0 size=    2560kB time=00:00:10.86 bitrate=1929.9kbits/s speed=3.56x    frame=  259 fps= 73 q=27.0 size=    3072kB time=00:00:13.00 bitrate=1935.9kbits/s speed=3.64x    frame=  290 fps= 71 q=27.0 size=    4096kB time=00:00:15.06 bitrate=2227.1kbits/s speed= 3.7x    frame=  326 fps= 71 q=27.0 size=    4608kB time=00:00:17.46 bitrate=2161.2kbits/s speed=3.81x    frame=  360 fps= 71 q=27.0 size=    5120kB time=00:00:19.73 bitrate=2125.5kbits/s speed=3.88x    frame=  391 fps= 70 q=27.0 size=    5376kB time=00:00:21.80 bitrate=2020.2kbits/s speed= 3.9x    frame=  417 fps= 68 q=27.0 size=    5888kB time=00:00:23.53 bitrate=2049.6kbits/s speed=3.86x    frame=  441 fps= 66 q=-1.0 Lsize=    7541kB time=00:00:29.20 bitrate=2115.7kbits/s speed=4.36x    
video:7536kB audio:0kB subtitle:0kB other streams:0kB global headers:0kB muxing overhead: 0.074346%
[libx264 @ 0x60d06440a540] frame I:7     Avg QP:22.61  size: 56921
[libx264 @ 0x60d06440a540] frame P:197   Avg QP:24.59  size: 29220
[libx264 @ 0x60d06440a540] frame B:237   Avg QP:27.52  size:  6587
[libx264 @ 0x60d06440a540] consecutive B-frames: 21.5% 15.9% 13.6% 49.0%
[libx264 @ 0x60d06440a540] mb I  I16..4:  1.9% 75.4% 22.7%
[libx264 @ 0x60d06440a540] mb P  I16..4:  1.1% 17.1%  5.1%  P16..4: 26.0% 25.4% 16.8%  0.0%  0.0%    skip: 8.5%
[libx264 @ 0x60d06440a540] mb B  I16..4:  0.2%  2.0%  0.6%  B16..8: 39.3% 10.2%  3.2%  direct: 3.7%  skip:40.7%  L0:35.9% L1:49.4% BI:14.7%
[libx264 @ 0x60d06440a540] 8x8 transform intra:73.3% inter:61.6%
[libx264 @ 0x60d06440a540] coded y,uvDC,uvAC intra: 87.5% 78.2% 35.0% inter: 31.2% 17.4% 1.3%
[libx264 @ 0x60d06440a540] i16 v,h,dc,p:  9% 43%  5% 42%
[libx264 @ 0x60d06440a540] i8 v,h,dc,ddl,ddr,vr,hd,vl,hu: 14% 22% 10%  6%  8%  8% 11%  8% 12%
[libx264 @ 0x60d06440a540] i4 v,h,dc,ddl,ddr,vr,hd,vl,hu: 18% 22%  8%  6% 10%  8% 12%  7%  9%
[libx264 @ 0x60d06440a540] i8c dc,h,v,p: 48% 26% 17%  9%
[libx264 @ 0x60d06440a540] Weighted P-Frames: Y:6.1% UV:3.6%
[libx264 @ 0x60d06440a540] ref P L0: 65.0% 23.9%  7.1%  4.0%  0.1%
[libx264 @ 0x60d06440a540] ref B L0: 89.2%  9.2%  1.7%
[libx264 @ 0x60d06440a540] ref B L1: 95.8%  4.2%
[libx264 @ 0x60d06440a540] kb/s:2099.57
