TEXTURED MESH ANALYSIS
========================================================================

Case: 03-panteon-asociacion-catalana

FILE
----
Path: C:\nerfstudio_work\thesis\03-panteon-asociacion-catalana\02-resultados-finales\dji\colmap-fotogrametria\textured-mesh.obj
Format: OBJ
Size bytes: 4187913449
Size MB: 3993.905
SHA256: 0370ff5b31d8a1dd4146e397d94c2b3ef4de150961d6d474984bad6b3bd1e291

GEOMETRY
--------
Vertices: 17871606
Faces: 35742636
Triangles: 35742636

ATTRIBUTES
----------
Normal records: 0
UV records: 19224339
Has normals: False
Has UVs: True

BOUNDING BOX
------------
X min: -21.978322983
X max: 27.922536850
X range: 49.900859833
Y min: -31.495445251
Y max: 22.711698532
Y range: 54.207143784
Z min: -1.475232124
Z max: 17.596145630
Z range: 19.071377754
BBox diagonal: 76.106686294
BBox volume: 51587.754211396

CENTROID
--------
X: -0.183028854
Y: -1.009402765
Z: 3.364072881

MATERIALS
---------
MTL references: 1
Used materials: 1
Defined materials: 1

TEXTURES
--------
Referenced textures: 1
Existing textures: 1
Total texture size MB: 83.592

Texture 1: textured-mesh_u1_v1_diffuse.png
  Exists: True
  Size MB: 83.592
  Resolution: 8192 x 8192
  Mode: RGBA
  SHA256: 3f7de2e3ae88115a1d79d002bf5b5c2e6d0c4f14da0e596ab399ee0a98838ac3

METHODOLOGICAL NOTE
-------------------
The OBJ, MTL and texture files were analyzed without modification.
Triangle count is derived from OBJ face definitions; polygons with more than three vertices are counted as n-2 triangles.